[2024-02-21T22:06:28.407+0000][gc,heap] Heap region size: 1M
[2024-02-21T22:06:28.421+0000][gc     ] Using G1
[2024-02-21T22:06:28.421+0000][gc,heap,coops] Heap address: 0x00000000c0000000, size: 1024 MB, Compressed Oops mode: 32-bit
[2024-02-21T22:06:30.045+0000][gc,start     ] GC(0) Pause Young (Concurrent Start) (Metadata GC Threshold)
[2024-02-21T22:06:30.046+0000][gc,task      ] GC(0) Using 4 workers of 4 for evacuation
[2024-02-21T22:06:30.059+0000][gc,phases    ] GC(0)   Pre Evacuate Collection Set: 0.1ms
[2024-02-21T22:06:30.059+0000][gc,phases    ] GC(0)   Evacuate Collection Set: 11.9ms
[2024-02-21T22:06:30.059+0000][gc,phases    ] GC(0)   Post Evacuate Collection Set: 1.0ms
[2024-02-21T22:06:30.059+0000][gc,phases    ] GC(0)   Other: 1.3ms
[2024-02-21T22:06:30.059+0000][gc,heap      ] GC(0) Eden regions: 48->0(44)
[2024-02-21T22:06:30.059+0000][gc,heap      ] GC(0) Survivor regions: 0->7(7)
[2024-02-21T22:06:30.059+0000][gc,heap      ] GC(0) Old regions: 0->1
[2024-02-21T22:06:30.059+0000][gc,heap      ] GC(0) Humongous regions: 0->0
[2024-02-21T22:06:30.059+0000][gc,metaspace ] GC(0) Metaspace: 20761K->20761K(1069056K)
[2024-02-21T22:06:30.060+0000][gc           ] GC(0) Pause Young (Concurrent Start) (Metadata GC Threshold) 48M->7M(1024M) 14.406ms
[2024-02-21T22:06:30.060+0000][gc,cpu       ] GC(0) User=0.02s Sys=0.01s Real=0.02s
[2024-02-21T22:06:30.060+0000][gc           ] GC(1) Concurrent Cycle
[2024-02-21T22:06:30.060+0000][gc,marking   ] GC(1) Concurrent Clear Claimed Marks
[2024-02-21T22:06:30.060+0000][gc,marking   ] GC(1) Concurrent Clear Claimed Marks 0.049ms
[2024-02-21T22:06:30.060+0000][gc,marking   ] GC(1) Concurrent Scan Root Regions
[2024-02-21T22:06:30.063+0000][gc,marking   ] GC(1) Concurrent Scan Root Regions 3.260ms
[2024-02-21T22:06:30.063+0000][gc,marking   ] GC(1) Concurrent Mark (1.660s)
[2024-02-21T22:06:30.063+0000][gc,marking   ] GC(1) Concurrent Mark From Roots
[2024-02-21T22:06:30.063+0000][gc,task      ] GC(1) Using 1 workers of 1 for marking
[2024-02-21T22:06:30.065+0000][gc,marking   ] GC(1) Concurrent Mark From Roots 1.561ms
[2024-02-21T22:06:30.065+0000][gc,marking   ] GC(1) Concurrent Preclean
[2024-02-21T22:06:30.065+0000][gc,marking   ] GC(1) Concurrent Preclean 0.075ms
[2024-02-21T22:06:30.065+0000][gc,marking   ] GC(1) Concurrent Mark (1.660s, 1.662s) 1.671ms
[2024-02-21T22:06:30.065+0000][gc,start     ] GC(1) Pause Remark
[2024-02-21T22:06:30.068+0000][gc,stringtable] GC(1) Cleaned string and symbol table, strings: 7775 processed, 0 removed, symbols: 65395 processed, 32 removed
[2024-02-21T22:06:30.069+0000][gc            ] GC(1) Pause Remark 7M->7M(1024M) 3.688ms
[2024-02-21T22:06:30.069+0000][gc,cpu        ] GC(1) User=0.01s Sys=0.00s Real=0.00s
[2024-02-21T22:06:30.069+0000][gc,marking    ] GC(1) Concurrent Rebuild Remembered Sets
[2024-02-21T22:06:30.069+0000][gc,marking    ] GC(1) Concurrent Rebuild Remembered Sets 0.362ms
[2024-02-21T22:06:30.069+0000][gc,start      ] GC(1) Pause Cleanup
[2024-02-21T22:06:30.070+0000][gc            ] GC(1) Pause Cleanup 7M->7M(1024M) 0.362ms
[2024-02-21T22:06:30.070+0000][gc,cpu        ] GC(1) User=0.00s Sys=0.00s Real=0.00s
[2024-02-21T22:06:30.070+0000][gc,marking    ] GC(1) Concurrent Cleanup for Next Mark
[2024-02-21T22:06:30.086+0000][gc,marking    ] GC(1) Concurrent Cleanup for Next Mark 15.696ms
[2024-02-21T22:06:30.086+0000][gc            ] GC(1) Concurrent Cycle 26.054ms
[2024-02-21T22:06:31.363+0000][gc,start      ] GC(2) Pause Young (Normal) (G1 Evacuation Pause)
[2024-02-21T22:06:31.363+0000][gc,task       ] GC(2) Using 4 workers of 4 for evacuation
[2024-02-21T22:06:31.381+0000][gc,phases     ] GC(2)   Pre Evacuate Collection Set: 0.1ms
[2024-02-21T22:06:31.381+0000][gc,phases     ] GC(2)   Evacuate Collection Set: 16.8ms
[2024-02-21T22:06:31.381+0000][gc,phases     ] GC(2)   Post Evacuate Collection Set: 0.8ms
[2024-02-21T22:06:31.381+0000][gc,phases     ] GC(2)   Other: 0.2ms
[2024-02-21T22:06:31.381+0000][gc,heap       ] GC(2) Eden regions: 44->0(48)
[2024-02-21T22:06:31.381+0000][gc,heap       ] GC(2) Survivor regions: 7->3(7)
[2024-02-21T22:06:31.381+0000][gc,heap       ] GC(2) Old regions: 1->8
[2024-02-21T22:06:31.381+0000][gc,heap       ] GC(2) Humongous regions: 129->129
[2024-02-21T22:06:31.381+0000][gc,metaspace  ] GC(2) Metaspace: 29219K->29219K(1075200K)
[2024-02-21T22:06:31.381+0000][gc            ] GC(2) Pause Young (Normal) (G1 Evacuation Pause) 180M->138M(1024M) 18.052ms
[2024-02-21T22:06:31.381+0000][gc,cpu        ] GC(2) User=0.03s Sys=0.01s Real=0.02s
[2024-02-21T22:06:31.882+0000][gc,start      ] GC(3) Pause Young (Concurrent Start) (Metadata GC Threshold)
[2024-02-21T22:06:31.883+0000][gc,task       ] GC(3) Using 4 workers of 4 for evacuation
[2024-02-21T22:06:31.888+0000][gc,phases     ] GC(3)   Pre Evacuate Collection Set: 0.1ms
[2024-02-21T22:06:31.888+0000][gc,phases     ] GC(3)   Evacuate Collection Set: 4.1ms
[2024-02-21T22:06:31.888+0000][gc,phases     ] GC(3)   Post Evacuate Collection Set: 0.7ms
[2024-02-21T22:06:31.888+0000][gc,phases     ] GC(3)   Other: 0.4ms
[2024-02-21T22:06:31.888+0000][gc,heap       ] GC(3) Eden regions: 29->0(48)
[2024-02-21T22:06:31.888+0000][gc,heap       ] GC(3) Survivor regions: 3->3(7)
[2024-02-21T22:06:31.888+0000][gc,heap       ] GC(3) Old regions: 8->8
[2024-02-21T22:06:31.888+0000][gc,heap       ] GC(3) Humongous regions: 129->129
[2024-02-21T22:06:31.888+0000][gc,metaspace  ] GC(3) Metaspace: 34619K->34619K(1081344K)
[2024-02-21T22:06:31.888+0000][gc            ] GC(3) Pause Young (Concurrent Start) (Metadata GC Threshold) 166M->138M(1024M) 5.488ms
[2024-02-21T22:06:31.888+0000][gc,cpu        ] GC(3) User=0.02s Sys=0.00s Real=0.00s
[2024-02-21T22:06:31.888+0000][gc            ] GC(4) Concurrent Cycle
[2024-02-21T22:06:31.888+0000][gc,marking    ] GC(4) Concurrent Clear Claimed Marks
[2024-02-21T22:06:31.888+0000][gc,marking    ] GC(4) Concurrent Clear Claimed Marks 0.088ms
[2024-02-21T22:06:31.888+0000][gc,marking    ] GC(4) Concurrent Scan Root Regions
[2024-02-21T22:06:31.892+0000][gc,marking    ] GC(4) Concurrent Scan Root Regions 3.445ms
[2024-02-21T22:06:31.892+0000][gc,marking    ] GC(4) Concurrent Mark (3.489s)
[2024-02-21T22:06:31.892+0000][gc,marking    ] GC(4) Concurrent Mark From Roots
[2024-02-21T22:06:31.892+0000][gc,task       ] GC(4) Using 1 workers of 1 for marking
[2024-02-21T22:06:31.907+0000][gc,marking    ] GC(4) Concurrent Mark From Roots 15.428ms
[2024-02-21T22:06:31.907+0000][gc,marking    ] GC(4) Concurrent Preclean
[2024-02-21T22:06:31.907+0000][gc,marking    ] GC(4) Concurrent Preclean 0.180ms
[2024-02-21T22:06:31.907+0000][gc,marking    ] GC(4) Concurrent Mark (3.489s, 3.504s) 15.708ms
[2024-02-21T22:06:31.911+0000][gc,start      ] GC(4) Pause Remark
[2024-02-21T22:06:31.915+0000][gc,stringtable] GC(4) Cleaned string and symbol table, strings: 11526 processed, 10 removed, symbols: 98103 processed, 26 removed
[2024-02-21T22:06:31.915+0000][gc            ] GC(4) Pause Remark 140M->140M(1024M) 4.412ms
[2024-02-21T22:06:31.915+0000][gc,cpu        ] GC(4) User=0.02s Sys=0.00s Real=0.00s
[2024-02-21T22:06:31.916+0000][gc,marking    ] GC(4) Concurrent Rebuild Remembered Sets
[2024-02-21T22:06:31.924+0000][gc,marking    ] GC(4) Concurrent Rebuild Remembered Sets 8.333ms
[2024-02-21T22:06:31.924+0000][gc,start      ] GC(4) Pause Cleanup
[2024-02-21T22:06:31.924+0000][gc            ] GC(4) Pause Cleanup 140M->140M(1024M) 0.300ms
[2024-02-21T22:06:31.924+0000][gc,cpu        ] GC(4) User=0.00s Sys=0.00s Real=0.00s
[2024-02-21T22:06:31.924+0000][gc,marking    ] GC(4) Concurrent Cleanup for Next Mark
[2024-02-21T22:06:31.945+0000][gc,marking    ] GC(4) Concurrent Cleanup for Next Mark 20.801ms
[2024-02-21T22:06:31.945+0000][gc            ] GC(4) Concurrent Cycle 57.277ms
[2024-02-21T22:06:32.779+0000][gc,start      ] GC(5) Pause Young (Normal) (G1 Evacuation Pause)
[2024-02-21T22:06:32.779+0000][gc,task       ] GC(5) Using 4 workers of 4 for evacuation
[2024-02-21T22:06:32.791+0000][gc,phases     ] GC(5)   Pre Evacuate Collection Set: 0.1ms
[2024-02-21T22:06:32.791+0000][gc,phases     ] GC(5)   Evacuate Collection Set: 10.8ms
[2024-02-21T22:06:32.791+0000][gc,phases     ] GC(5)   Post Evacuate Collection Set: 0.8ms
[2024-02-21T22:06:32.791+0000][gc,phases     ] GC(5)   Other: 0.3ms
[2024-02-21T22:06:32.791+0000][gc,heap       ] GC(5) Eden regions: 48->0(44)
[2024-02-21T22:06:32.791+0000][gc,heap       ] GC(5) Survivor regions: 3->7(7)
[2024-02-21T22:06:32.791+0000][gc,heap       ] GC(5) Old regions: 8->8
[2024-02-21T22:06:32.791+0000][gc,heap       ] GC(5) Humongous regions: 129->129
[2024-02-21T22:06:32.791+0000][gc,metaspace  ] GC(5) Metaspace: 42237K->42237K(1087488K)
[2024-02-21T22:06:32.791+0000][gc            ] GC(5) Pause Young (Normal) (G1 Evacuation Pause) 186M->142M(1024M) 12.076ms
[2024-02-21T22:06:32.791+0000][gc,cpu        ] GC(5) User=0.03s Sys=0.00s Real=0.01s
[2024-02-21T22:15:01.063+0000][gc,start      ] GC(6) Pause Young (Normal) (G1 Evacuation Pause)
[2024-02-21T22:15:01.063+0000][gc,task       ] GC(6) Using 4 workers of 4 for evacuation
[2024-02-21T22:15:01.078+0000][gc,phases     ] GC(6)   Pre Evacuate Collection Set: 0.2ms
[2024-02-21T22:15:01.078+0000][gc,phases     ] GC(6)   Evacuate Collection Set: 13.2ms
[2024-02-21T22:15:01.078+0000][gc,phases     ] GC(6)   Post Evacuate Collection Set: 1.0ms
[2024-02-21T22:15:01.078+0000][gc,phases     ] GC(6)   Other: 0.3ms
[2024-02-21T22:15:01.078+0000][gc,heap       ] GC(6) Eden regions: 44->0(48)
[2024-02-21T22:15:01.078+0000][gc,heap       ] GC(6) Survivor regions: 7->3(7)
[2024-02-21T22:15:01.078+0000][gc,heap       ] GC(6) Old regions: 8->14
[2024-02-21T22:15:01.078+0000][gc,heap       ] GC(6) Humongous regions: 129->129
[2024-02-21T22:15:01.078+0000][gc,metaspace  ] GC(6) Metaspace: 48696K->48696K(1093632K)
[2024-02-21T22:15:01.078+0000][gc            ] GC(6) Pause Young (Normal) (G1 Evacuation Pause) 186M->144M(1024M) 14.803ms
[2024-02-21T22:15:01.078+0000][gc,cpu        ] GC(6) User=0.05s Sys=0.01s Real=0.01s
[2024-02-21T22:57:15.261+0000][gc,start      ] GC(7) Pause Young (Normal) (G1 Evacuation Pause)
[2024-02-21T22:57:15.261+0000][gc,task       ] GC(7) Using 4 workers of 4 for evacuation
[2024-02-21T22:57:15.268+0000][gc,phases     ] GC(7)   Pre Evacuate Collection Set: 0.2ms
[2024-02-21T22:57:15.268+0000][gc,phases     ] GC(7)   Evacuate Collection Set: 5.2ms
[2024-02-21T22:57:15.268+0000][gc,phases     ] GC(7)   Post Evacuate Collection Set: 0.8ms
[2024-02-21T22:57:15.268+0000][gc,phases     ] GC(7)   Other: 0.3ms
[2024-02-21T22:57:15.268+0000][gc,heap       ] GC(7) Eden regions: 48->0(48)
[2024-02-21T22:57:15.268+0000][gc,heap       ] GC(7) Survivor regions: 3->3(7)
[2024-02-21T22:57:15.268+0000][gc,heap       ] GC(7) Old regions: 14->14
[2024-02-21T22:57:15.268+0000][gc,heap       ] GC(7) Humongous regions: 129->129
[2024-02-21T22:57:15.268+0000][gc,metaspace  ] GC(7) Metaspace: 49834K->49834K(1095680K)
[2024-02-21T22:57:15.268+0000][gc            ] GC(7) Pause Young (Normal) (G1 Evacuation Pause) 192M->145M(1024M) 6.684ms
[2024-02-21T22:57:15.268+0000][gc,cpu        ] GC(7) User=0.02s Sys=0.00s Real=0.00s
[2024-02-21T23:25:10.950+0000][gc,heap,exit  ] Heap
[2024-02-21T23:25:10.950+0000][gc,heap,exit  ]  garbage-first heap   total 1048576K, used 186719K [0x00000000c0000000, 0x0000000100000000)
[2024-02-21T23:25:10.950+0000][gc,heap,exit  ]   region size 1024K, 42 young (43008K), 3 survivors (3072K)
[2024-02-21T23:25:10.950+0000][gc,heap,exit  ]  Metaspace       used 50786K, capacity 53377K, committed 53552K, reserved 1095680K
[2024-02-21T23:25:10.950+0000][gc,heap,exit  ]   class space    used 6180K, capacity 7438K, committed 7552K, reserved 1048576K
