[2024-02-16T19:45:44.236+0000][gc,heap] Heap region size: 1M
[2024-02-16T19:45:44.252+0000][gc     ] Using G1
[2024-02-16T19:45:44.252+0000][gc,heap,coops] Heap address: 0x00000000c0000000, size: 1024 MB, Compressed Oops mode: 32-bit
[2024-02-16T19:45:45.728+0000][gc,start     ] GC(0) Pause Young (Concurrent Start) (Metadata GC Threshold)
[2024-02-16T19:45:45.729+0000][gc,task      ] GC(0) Using 4 workers of 4 for evacuation
[2024-02-16T19:45:45.743+0000][gc,phases    ] GC(0)   Pre Evacuate Collection Set: 0.1ms
[2024-02-16T19:45:45.743+0000][gc,phases    ] GC(0)   Evacuate Collection Set: 12.1ms
[2024-02-16T19:45:45.743+0000][gc,phases    ] GC(0)   Post Evacuate Collection Set: 1.0ms
[2024-02-16T19:45:45.743+0000][gc,phases    ] GC(0)   Other: 0.9ms
[2024-02-16T19:45:45.743+0000][gc,heap      ] GC(0) Eden regions: 49->0(44)
[2024-02-16T19:45:45.743+0000][gc,heap      ] GC(0) Survivor regions: 0->7(7)
[2024-02-16T19:45:45.743+0000][gc,heap      ] GC(0) Old regions: 0->1
[2024-02-16T19:45:45.743+0000][gc,heap      ] GC(0) Humongous regions: 0->0
[2024-02-16T19:45:45.743+0000][gc,metaspace ] GC(0) Metaspace: 20774K->20774K(1069056K)
[2024-02-16T19:45:45.743+0000][gc           ] GC(0) Pause Young (Concurrent Start) (Metadata GC Threshold) 48M->7M(1024M) 14.217ms
[2024-02-16T19:45:45.743+0000][gc,cpu       ] GC(0) User=0.03s Sys=0.00s Real=0.02s
[2024-02-16T19:45:45.743+0000][gc           ] GC(1) Concurrent Cycle
[2024-02-16T19:45:45.743+0000][gc,marking   ] GC(1) Concurrent Clear Claimed Marks
[2024-02-16T19:45:45.743+0000][gc,marking   ] GC(1) Concurrent Clear Claimed Marks 0.056ms
[2024-02-16T19:45:45.743+0000][gc,marking   ] GC(1) Concurrent Scan Root Regions
[2024-02-16T19:45:45.747+0000][gc,marking   ] GC(1) Concurrent Scan Root Regions 4.249ms
[2024-02-16T19:45:45.747+0000][gc,marking   ] GC(1) Concurrent Mark (1.515s)
[2024-02-16T19:45:45.747+0000][gc,marking   ] GC(1) Concurrent Mark From Roots
[2024-02-16T19:45:45.747+0000][gc,task      ] GC(1) Using 1 workers of 1 for marking
[2024-02-16T19:45:45.749+0000][gc,marking   ] GC(1) Concurrent Mark From Roots 1.880ms
[2024-02-16T19:45:45.749+0000][gc,marking   ] GC(1) Concurrent Preclean
[2024-02-16T19:45:45.749+0000][gc,marking   ] GC(1) Concurrent Preclean 0.106ms
[2024-02-16T19:45:45.749+0000][gc,marking   ] GC(1) Concurrent Mark (1.515s, 1.517s) 2.058ms
[2024-02-16T19:45:45.750+0000][gc,start     ] GC(1) Pause Remark
[2024-02-16T19:45:45.753+0000][gc,stringtable] GC(1) Cleaned string and symbol table, strings: 7784 processed, 0 removed, symbols: 65397 processed, 32 removed
[2024-02-16T19:45:45.754+0000][gc            ] GC(1) Pause Remark 7M->7M(1024M) 4.277ms
[2024-02-16T19:45:45.754+0000][gc,cpu        ] GC(1) User=0.01s Sys=0.00s Real=0.01s
[2024-02-16T19:45:45.754+0000][gc,marking    ] GC(1) Concurrent Rebuild Remembered Sets
[2024-02-16T19:45:45.754+0000][gc,marking    ] GC(1) Concurrent Rebuild Remembered Sets 0.380ms
[2024-02-16T19:45:45.754+0000][gc,start      ] GC(1) Pause Cleanup
[2024-02-16T19:45:45.755+0000][gc            ] GC(1) Pause Cleanup 7M->7M(1024M) 0.309ms
[2024-02-16T19:45:45.755+0000][gc,cpu        ] GC(1) User=0.00s Sys=0.00s Real=0.00s
[2024-02-16T19:45:45.755+0000][gc,marking    ] GC(1) Concurrent Cleanup for Next Mark
[2024-02-16T19:45:45.771+0000][gc,marking    ] GC(1) Concurrent Cleanup for Next Mark 16.287ms
[2024-02-16T19:45:45.771+0000][gc            ] GC(1) Concurrent Cycle 28.370ms
[2024-02-16T19:45:46.950+0000][gc,start      ] GC(2) Pause Young (Normal) (G1 Evacuation Pause)
[2024-02-16T19:45:46.950+0000][gc,task       ] GC(2) Using 4 workers of 4 for evacuation
[2024-02-16T19:45:46.962+0000][gc,phases     ] GC(2)   Pre Evacuate Collection Set: 0.0ms
[2024-02-16T19:45:46.962+0000][gc,phases     ] GC(2)   Evacuate Collection Set: 10.8ms
[2024-02-16T19:45:46.962+0000][gc,phases     ] GC(2)   Post Evacuate Collection Set: 1.0ms
[2024-02-16T19:45:46.962+0000][gc,phases     ] GC(2)   Other: 0.2ms
[2024-02-16T19:45:46.962+0000][gc,heap       ] GC(2) Eden regions: 44->0(49)
[2024-02-16T19:45:46.962+0000][gc,heap       ] GC(2) Survivor regions: 7->2(7)
[2024-02-16T19:45:46.962+0000][gc,heap       ] GC(2) Old regions: 1->8
[2024-02-16T19:45:46.962+0000][gc,heap       ] GC(2) Humongous regions: 129->129
[2024-02-16T19:45:46.962+0000][gc,metaspace  ] GC(2) Metaspace: 29132K->29132K(1075200K)
[2024-02-16T19:45:46.962+0000][gc            ] GC(2) Pause Young (Normal) (G1 Evacuation Pause) 180M->138M(1024M) 12.284ms
[2024-02-16T19:45:46.962+0000][gc,cpu        ] GC(2) User=0.03s Sys=0.01s Real=0.02s
[2024-02-16T19:45:47.436+0000][gc,start      ] GC(3) Pause Young (Concurrent Start) (Metadata GC Threshold)
[2024-02-16T19:45:47.436+0000][gc,task       ] GC(3) Using 4 workers of 4 for evacuation
[2024-02-16T19:45:47.442+0000][gc,phases     ] GC(3)   Pre Evacuate Collection Set: 0.1ms
[2024-02-16T19:45:47.442+0000][gc,phases     ] GC(3)   Evacuate Collection Set: 5.1ms
[2024-02-16T19:45:47.442+0000][gc,phases     ] GC(3)   Post Evacuate Collection Set: 0.6ms
[2024-02-16T19:45:47.442+0000][gc,phases     ] GC(3)   Other: 0.3ms
[2024-02-16T19:45:47.442+0000][gc,heap       ] GC(3) Eden regions: 29->0(48)
[2024-02-16T19:45:47.442+0000][gc,heap       ] GC(3) Survivor regions: 2->3(7)
[2024-02-16T19:45:47.442+0000][gc,heap       ] GC(3) Old regions: 8->8
[2024-02-16T19:45:47.442+0000][gc,heap       ] GC(3) Humongous regions: 129->129
[2024-02-16T19:45:47.442+0000][gc,metaspace  ] GC(3) Metaspace: 34622K->34622K(1081344K)
[2024-02-16T19:45:47.442+0000][gc            ] GC(3) Pause Young (Concurrent Start) (Metadata GC Threshold) 167M->139M(1024M) 6.203ms
[2024-02-16T19:45:47.442+0000][gc,cpu        ] GC(3) User=0.01s Sys=0.00s Real=0.01s
[2024-02-16T19:45:47.442+0000][gc            ] GC(4) Concurrent Cycle
[2024-02-16T19:45:47.442+0000][gc,marking    ] GC(4) Concurrent Clear Claimed Marks
[2024-02-16T19:45:47.442+0000][gc,marking    ] GC(4) Concurrent Clear Claimed Marks 0.060ms
[2024-02-16T19:45:47.442+0000][gc,marking    ] GC(4) Concurrent Scan Root Regions
[2024-02-16T19:45:47.445+0000][gc,marking    ] GC(4) Concurrent Scan Root Regions 2.336ms
[2024-02-16T19:45:47.445+0000][gc,marking    ] GC(4) Concurrent Mark (3.213s)
[2024-02-16T19:45:47.445+0000][gc,marking    ] GC(4) Concurrent Mark From Roots
[2024-02-16T19:45:47.445+0000][gc,task       ] GC(4) Using 1 workers of 1 for marking
[2024-02-16T19:45:47.461+0000][gc,marking    ] GC(4) Concurrent Mark From Roots 16.118ms
[2024-02-16T19:45:47.461+0000][gc,marking    ] GC(4) Concurrent Preclean
[2024-02-16T19:45:47.461+0000][gc,marking    ] GC(4) Concurrent Preclean 0.205ms
[2024-02-16T19:45:47.461+0000][gc,marking    ] GC(4) Concurrent Mark (3.213s, 3.229s) 16.412ms
[2024-02-16T19:45:47.461+0000][gc,start      ] GC(4) Pause Remark
[2024-02-16T19:45:47.466+0000][gc,stringtable] GC(4) Cleaned string and symbol table, strings: 11498 processed, 10 removed, symbols: 98076 processed, 25 removed
[2024-02-16T19:45:47.467+0000][gc            ] GC(4) Pause Remark 140M->140M(1024M) 5.051ms
[2024-02-16T19:45:47.467+0000][gc,cpu        ] GC(4) User=0.02s Sys=0.00s Real=0.00s
[2024-02-16T19:45:47.467+0000][gc,marking    ] GC(4) Concurrent Rebuild Remembered Sets
[2024-02-16T19:45:47.476+0000][gc,marking    ] GC(4) Concurrent Rebuild Remembered Sets 9.425ms
[2024-02-16T19:45:47.476+0000][gc,start      ] GC(4) Pause Cleanup
[2024-02-16T19:45:47.477+0000][gc            ] GC(4) Pause Cleanup 141M->141M(1024M) 0.395ms
[2024-02-16T19:45:47.477+0000][gc,cpu        ] GC(4) User=0.00s Sys=0.00s Real=0.00s
[2024-02-16T19:45:47.477+0000][gc,marking    ] GC(4) Concurrent Cleanup for Next Mark
[2024-02-16T19:45:47.497+0000][gc,marking    ] GC(4) Concurrent Cleanup for Next Mark 20.243ms
[2024-02-16T19:45:47.497+0000][gc            ] GC(4) Concurrent Cycle 55.122ms
[2024-02-16T19:45:48.262+0000][gc,start      ] GC(5) Pause Young (Normal) (G1 Evacuation Pause)
[2024-02-16T19:45:48.262+0000][gc,task       ] GC(5) Using 4 workers of 4 for evacuation
[2024-02-16T19:45:48.273+0000][gc,phases     ] GC(5)   Pre Evacuate Collection Set: 0.1ms
[2024-02-16T19:45:48.273+0000][gc,phases     ] GC(5)   Evacuate Collection Set: 9.5ms
[2024-02-16T19:45:48.273+0000][gc,phases     ] GC(5)   Post Evacuate Collection Set: 0.9ms
[2024-02-16T19:45:48.273+0000][gc,phases     ] GC(5)   Other: 0.3ms
[2024-02-16T19:45:48.273+0000][gc,heap       ] GC(5) Eden regions: 48->0(44)
[2024-02-16T19:45:48.273+0000][gc,heap       ] GC(5) Survivor regions: 3->7(7)
[2024-02-16T19:45:48.273+0000][gc,heap       ] GC(5) Old regions: 8->8
[2024-02-16T19:45:48.273+0000][gc,heap       ] GC(5) Humongous regions: 129->129
[2024-02-16T19:45:48.273+0000][gc,metaspace  ] GC(5) Metaspace: 42239K->42239K(1087488K)
[2024-02-16T19:45:48.273+0000][gc            ] GC(5) Pause Young (Normal) (G1 Evacuation Pause) 187M->143M(1024M) 10.926ms
[2024-02-16T19:45:48.273+0000][gc,cpu        ] GC(5) User=0.04s Sys=0.01s Real=0.00s
[2024-02-16T19:54:18.802+0000][gc,start      ] GC(6) Pause Young (Normal) (G1 Evacuation Pause)
[2024-02-16T19:54:18.802+0000][gc,task       ] GC(6) Using 4 workers of 4 for evacuation
[2024-02-16T19:54:18.818+0000][gc,phases     ] GC(6)   Pre Evacuate Collection Set: 0.7ms
[2024-02-16T19:54:18.818+0000][gc,phases     ] GC(6)   Evacuate Collection Set: 13.2ms
[2024-02-16T19:54:18.818+0000][gc,phases     ] GC(6)   Post Evacuate Collection Set: 1.1ms
[2024-02-16T19:54:18.818+0000][gc,phases     ] GC(6)   Other: 0.5ms
[2024-02-16T19:54:18.818+0000][gc,heap       ] GC(6) Eden regions: 44->0(48)
[2024-02-16T19:54:18.818+0000][gc,heap       ] GC(6) Survivor regions: 7->3(7)
[2024-02-16T19:54:18.818+0000][gc,heap       ] GC(6) Old regions: 8->14
[2024-02-16T19:54:18.818+0000][gc,heap       ] GC(6) Humongous regions: 129->129
[2024-02-16T19:54:18.818+0000][gc,metaspace  ] GC(6) Metaspace: 48709K->48709K(1093632K)
[2024-02-16T19:54:18.818+0000][gc            ] GC(6) Pause Young (Normal) (G1 Evacuation Pause) 187M->144M(1024M) 15.608ms
[2024-02-16T19:54:18.818+0000][gc,cpu        ] GC(6) User=0.04s Sys=0.01s Real=0.01s
[2024-02-16T20:44:18.933+0000][gc,start      ] GC(7) Pause Young (Normal) (G1 Evacuation Pause)
[2024-02-16T20:44:18.933+0000][gc,task       ] GC(7) Using 4 workers of 4 for evacuation
[2024-02-16T20:44:18.942+0000][gc,phases     ] GC(7)   Pre Evacuate Collection Set: 0.4ms
[2024-02-16T20:44:18.942+0000][gc,phases     ] GC(7)   Evacuate Collection Set: 6.7ms
[2024-02-16T20:44:18.942+0000][gc,phases     ] GC(7)   Post Evacuate Collection Set: 1.3ms
[2024-02-16T20:44:18.942+0000][gc,phases     ] GC(7)   Other: 0.5ms
[2024-02-16T20:44:18.942+0000][gc,heap       ] GC(7) Eden regions: 48->0(48)
[2024-02-16T20:44:18.942+0000][gc,heap       ] GC(7) Survivor regions: 3->3(7)
[2024-02-16T20:44:18.942+0000][gc,heap       ] GC(7) Old regions: 14->14
[2024-02-16T20:44:18.942+0000][gc,heap       ] GC(7) Humongous regions: 129->129
[2024-02-16T20:44:18.942+0000][gc,metaspace  ] GC(7) Metaspace: 49653K->49653K(1093632K)
[2024-02-16T20:44:18.942+0000][gc            ] GC(7) Pause Young (Normal) (G1 Evacuation Pause) 192M->145M(1024M) 9.111ms
[2024-02-16T20:44:18.942+0000][gc,cpu        ] GC(7) User=0.02s Sys=0.00s Real=0.02s
[2024-02-16T21:34:35.519+0000][gc,start      ] GC(8) Pause Young (Normal) (G1 Evacuation Pause)
[2024-02-16T21:34:35.520+0000][gc,task       ] GC(8) Using 4 workers of 4 for evacuation
[2024-02-16T21:34:35.531+0000][gc,phases     ] GC(8)   Pre Evacuate Collection Set: 1.4ms
[2024-02-16T21:34:35.531+0000][gc,phases     ] GC(8)   Evacuate Collection Set: 7.8ms
[2024-02-16T21:34:35.531+0000][gc,phases     ] GC(8)   Post Evacuate Collection Set: 1.5ms
[2024-02-16T21:34:35.531+0000][gc,phases     ] GC(8)   Other: 0.7ms
[2024-02-16T21:34:35.531+0000][gc,heap       ] GC(8) Eden regions: 48->0(47)
[2024-02-16T21:34:35.531+0000][gc,heap       ] GC(8) Survivor regions: 3->4(7)
[2024-02-16T21:34:35.531+0000][gc,heap       ] GC(8) Old regions: 14->14
[2024-02-16T21:34:35.531+0000][gc,heap       ] GC(8) Humongous regions: 129->129
[2024-02-16T21:34:35.531+0000][gc,metaspace  ] GC(8) Metaspace: 50069K->50069K(1095680K)
[2024-02-16T21:34:35.531+0000][gc            ] GC(8) Pause Young (Normal) (G1 Evacuation Pause) 193M->145M(1024M) 11.343ms
[2024-02-16T21:34:35.531+0000][gc,cpu        ] GC(8) User=0.02s Sys=0.00s Real=0.01s
[2024-02-16T22:10:58.933+0000][gc,start      ] GC(9) Pause Young (Normal) (G1 Evacuation Pause)
[2024-02-16T22:10:58.933+0000][gc,task       ] GC(9) Using 4 workers of 4 for evacuation
[2024-02-16T22:10:58.947+0000][gc,phases     ] GC(9)   Pre Evacuate Collection Set: 0.5ms
[2024-02-16T22:10:58.947+0000][gc,phases     ] GC(9)   Evacuate Collection Set: 11.6ms
[2024-02-16T22:10:58.947+0000][gc,phases     ] GC(9)   Post Evacuate Collection Set: 1.4ms
[2024-02-16T22:10:58.947+0000][gc,phases     ] GC(9)   Other: 0.7ms
[2024-02-16T22:10:58.947+0000][gc,heap       ] GC(9) Eden regions: 47->0(47)
[2024-02-16T22:10:58.947+0000][gc,heap       ] GC(9) Survivor regions: 4->4(7)
[2024-02-16T22:10:58.947+0000][gc,heap       ] GC(9) Old regions: 14->14
[2024-02-16T22:10:58.947+0000][gc,heap       ] GC(9) Humongous regions: 129->129
[2024-02-16T22:10:58.947+0000][gc,metaspace  ] GC(9) Metaspace: 50219K->50219K(1095680K)
[2024-02-16T22:10:58.948+0000][gc            ] GC(9) Pause Young (Normal) (G1 Evacuation Pause) 192M->145M(1024M) 14.211ms
[2024-02-16T22:10:58.948+0000][gc,cpu        ] GC(9) User=0.04s Sys=0.00s Real=0.01s
[2024-02-16T22:11:22.735+0000][gc,heap,exit  ] Heap
[2024-02-16T22:11:22.735+0000][gc,heap,exit  ]  garbage-first heap   total 1048576K, used 157640K [0x00000000c0000000, 0x0000000100000000)
[2024-02-16T22:11:22.735+0000][gc,heap,exit  ]   region size 1024K, 14 young (14336K), 4 survivors (4096K)
[2024-02-16T22:11:22.735+0000][gc,heap,exit  ]  Metaspace       used 51006K, capacity 53622K, committed 53808K, reserved 1095680K
[2024-02-16T22:11:22.735+0000][gc,heap,exit  ]   class space    used 6185K, capacity 7445K, committed 7552K, reserved 1048576K
