[2024-02-22T22:22:32.748+0000][gc,heap] Heap region size: 1M
[2024-02-22T22:22:32.763+0000][gc     ] Using G1
[2024-02-22T22:22:32.763+0000][gc,heap,coops] Heap address: 0x00000000c0000000, size: 1024 MB, Compressed Oops mode: 32-bit
[2024-02-22T22:22:34.359+0000][gc,start     ] GC(0) Pause Young (Concurrent Start) (Metadata GC Threshold)
[2024-02-22T22:22:34.360+0000][gc,task      ] GC(0) Using 4 workers of 4 for evacuation
[2024-02-22T22:22:34.376+0000][gc,phases    ] GC(0)   Pre Evacuate Collection Set: 0.1ms
[2024-02-22T22:22:34.376+0000][gc,phases    ] GC(0)   Evacuate Collection Set: 14.8ms
[2024-02-22T22:22:34.376+0000][gc,phases    ] GC(0)   Post Evacuate Collection Set: 1.1ms
[2024-02-22T22:22:34.376+0000][gc,phases    ] GC(0)   Other: 1.2ms
[2024-02-22T22:22:34.376+0000][gc,heap      ] GC(0) Eden regions: 49->0(44)
[2024-02-22T22:22:34.376+0000][gc,heap      ] GC(0) Survivor regions: 0->7(7)
[2024-02-22T22:22:34.376+0000][gc,heap      ] GC(0) Old regions: 0->1
[2024-02-22T22:22:34.376+0000][gc,heap      ] GC(0) Humongous regions: 0->0
[2024-02-22T22:22:34.376+0000][gc,metaspace ] GC(0) Metaspace: 20771K->20771K(1069056K)
[2024-02-22T22:22:34.376+0000][gc           ] GC(0) Pause Young (Concurrent Start) (Metadata GC Threshold) 48M->7M(1024M) 17.308ms
[2024-02-22T22:22:34.376+0000][gc,cpu       ] GC(0) User=0.03s Sys=0.01s Real=0.02s
[2024-02-22T22:22:34.376+0000][gc           ] GC(1) Concurrent Cycle
[2024-02-22T22:22:34.376+0000][gc,marking   ] GC(1) Concurrent Clear Claimed Marks
[2024-02-22T22:22:34.376+0000][gc,marking   ] GC(1) Concurrent Clear Claimed Marks 0.059ms
[2024-02-22T22:22:34.376+0000][gc,marking   ] GC(1) Concurrent Scan Root Regions
[2024-02-22T22:22:34.380+0000][gc,marking   ] GC(1) Concurrent Scan Root Regions 3.638ms
[2024-02-22T22:22:34.380+0000][gc,marking   ] GC(1) Concurrent Mark (1.636s)
[2024-02-22T22:22:34.380+0000][gc,marking   ] GC(1) Concurrent Mark From Roots
[2024-02-22T22:22:34.380+0000][gc,task      ] GC(1) Using 1 workers of 1 for marking
[2024-02-22T22:22:34.382+0000][gc,marking   ] GC(1) Concurrent Mark From Roots 1.575ms
[2024-02-22T22:22:34.382+0000][gc,marking   ] GC(1) Concurrent Preclean
[2024-02-22T22:22:34.382+0000][gc,marking   ] GC(1) Concurrent Preclean 0.091ms
[2024-02-22T22:22:34.382+0000][gc,marking   ] GC(1) Concurrent Mark (1.636s, 1.638s) 1.713ms
[2024-02-22T22:22:34.382+0000][gc,start     ] GC(1) Pause Remark
[2024-02-22T22:22:34.386+0000][gc,stringtable] GC(1) Cleaned string and symbol table, strings: 7775 processed, 0 removed, symbols: 65395 processed, 32 removed
[2024-02-22T22:22:34.386+0000][gc            ] GC(1) Pause Remark 7M->7M(1024M) 4.217ms
[2024-02-22T22:22:34.386+0000][gc,cpu        ] GC(1) User=0.01s Sys=0.00s Real=0.00s
[2024-02-22T22:22:34.386+0000][gc,marking    ] GC(1) Concurrent Rebuild Remembered Sets
[2024-02-22T22:22:34.387+0000][gc,marking    ] GC(1) Concurrent Rebuild Remembered Sets 0.387ms
[2024-02-22T22:22:34.387+0000][gc,start      ] GC(1) Pause Cleanup
[2024-02-22T22:22:34.387+0000][gc            ] GC(1) Pause Cleanup 7M->7M(1024M) 0.315ms
[2024-02-22T22:22:34.387+0000][gc,cpu        ] GC(1) User=0.00s Sys=0.00s Real=0.00s
[2024-02-22T22:22:34.387+0000][gc,marking    ] GC(1) Concurrent Cleanup for Next Mark
[2024-02-22T22:22:34.409+0000][gc,marking    ] GC(1) Concurrent Cleanup for Next Mark 21.569ms
[2024-02-22T22:22:34.409+0000][gc            ] GC(1) Concurrent Cycle 32.784ms
[2024-02-22T22:22:35.742+0000][gc,start      ] GC(2) Pause Young (Normal) (G1 Evacuation Pause)
[2024-02-22T22:22:35.743+0000][gc,task       ] GC(2) Using 4 workers of 4 for evacuation
[2024-02-22T22:22:35.760+0000][gc,phases     ] GC(2)   Pre Evacuate Collection Set: 0.1ms
[2024-02-22T22:22:35.760+0000][gc,phases     ] GC(2)   Evacuate Collection Set: 15.8ms
[2024-02-22T22:22:35.760+0000][gc,phases     ] GC(2)   Post Evacuate Collection Set: 1.0ms
[2024-02-22T22:22:35.760+0000][gc,phases     ] GC(2)   Other: 0.2ms
[2024-02-22T22:22:35.760+0000][gc,heap       ] GC(2) Eden regions: 44->0(48)
[2024-02-22T22:22:35.760+0000][gc,heap       ] GC(2) Survivor regions: 7->3(7)
[2024-02-22T22:22:35.760+0000][gc,heap       ] GC(2) Old regions: 1->8
[2024-02-22T22:22:35.760+0000][gc,heap       ] GC(2) Humongous regions: 129->129
[2024-02-22T22:22:35.760+0000][gc,metaspace  ] GC(2) Metaspace: 29236K->29236K(1075200K)
[2024-02-22T22:22:35.760+0000][gc            ] GC(2) Pause Young (Normal) (G1 Evacuation Pause) 180M->138M(1024M) 17.226ms
[2024-02-22T22:22:35.760+0000][gc,cpu        ] GC(2) User=0.05s Sys=0.02s Real=0.01s
[2024-02-22T22:22:36.299+0000][gc,start      ] GC(3) Pause Young (Concurrent Start) (Metadata GC Threshold)
[2024-02-22T22:22:36.299+0000][gc,task       ] GC(3) Using 4 workers of 4 for evacuation
[2024-02-22T22:22:36.306+0000][gc,phases     ] GC(3)   Pre Evacuate Collection Set: 0.2ms
[2024-02-22T22:22:36.306+0000][gc,phases     ] GC(3)   Evacuate Collection Set: 5.3ms
[2024-02-22T22:22:36.306+0000][gc,phases     ] GC(3)   Post Evacuate Collection Set: 0.7ms
[2024-02-22T22:22:36.306+0000][gc,phases     ] GC(3)   Other: 0.4ms
[2024-02-22T22:22:36.306+0000][gc,heap       ] GC(3) Eden regions: 31->0(48)
[2024-02-22T22:22:36.306+0000][gc,heap       ] GC(3) Survivor regions: 3->3(7)
[2024-02-22T22:22:36.306+0000][gc,heap       ] GC(3) Old regions: 8->8
[2024-02-22T22:22:36.306+0000][gc,heap       ] GC(3) Humongous regions: 129->129
[2024-02-22T22:22:36.306+0000][gc,metaspace  ] GC(3) Metaspace: 34784K->34784K(1081344K)
[2024-02-22T22:22:36.306+0000][gc            ] GC(3) Pause Young (Concurrent Start) (Metadata GC Threshold) 168M->138M(1024M) 6.710ms
[2024-02-22T22:22:36.306+0000][gc,cpu        ] GC(3) User=0.01s Sys=0.00s Real=0.01s
[2024-02-22T22:22:36.306+0000][gc            ] GC(4) Concurrent Cycle
[2024-02-22T22:22:36.306+0000][gc,marking    ] GC(4) Concurrent Clear Claimed Marks
[2024-02-22T22:22:36.306+0000][gc,marking    ] GC(4) Concurrent Clear Claimed Marks 0.055ms
[2024-02-22T22:22:36.306+0000][gc,marking    ] GC(4) Concurrent Scan Root Regions
[2024-02-22T22:22:36.310+0000][gc,marking    ] GC(4) Concurrent Scan Root Regions 3.733ms
[2024-02-22T22:22:36.310+0000][gc,marking    ] GC(4) Concurrent Mark (3.566s)
[2024-02-22T22:22:36.310+0000][gc,marking    ] GC(4) Concurrent Mark From Roots
[2024-02-22T22:22:36.310+0000][gc,task       ] GC(4) Using 1 workers of 1 for marking
[2024-02-22T22:22:36.327+0000][gc,marking    ] GC(4) Concurrent Mark From Roots 17.379ms
[2024-02-22T22:22:36.327+0000][gc,marking    ] GC(4) Concurrent Preclean
[2024-02-22T22:22:36.327+0000][gc,marking    ] GC(4) Concurrent Preclean 0.232ms
[2024-02-22T22:22:36.328+0000][gc,marking    ] GC(4) Concurrent Mark (3.566s, 3.583s) 17.719ms
[2024-02-22T22:22:36.328+0000][gc,start      ] GC(4) Pause Remark
[2024-02-22T22:22:36.335+0000][gc,stringtable] GC(4) Cleaned string and symbol table, strings: 11680 processed, 10 removed, symbols: 98265 processed, 25 removed
[2024-02-22T22:22:36.336+0000][gc            ] GC(4) Pause Remark 140M->140M(1024M) 8.085ms
[2024-02-22T22:22:36.336+0000][gc,cpu        ] GC(4) User=0.02s Sys=0.01s Real=0.01s
[2024-02-22T22:22:36.336+0000][gc,marking    ] GC(4) Concurrent Rebuild Remembered Sets
[2024-02-22T22:22:36.345+0000][gc,marking    ] GC(4) Concurrent Rebuild Remembered Sets 9.039ms
[2024-02-22T22:22:36.345+0000][gc,start      ] GC(4) Pause Cleanup
[2024-02-22T22:22:36.346+0000][gc            ] GC(4) Pause Cleanup 140M->140M(1024M) 0.348ms
[2024-02-22T22:22:36.346+0000][gc,cpu        ] GC(4) User=0.00s Sys=0.00s Real=0.00s
[2024-02-22T22:22:36.346+0000][gc,marking    ] GC(4) Concurrent Cleanup for Next Mark
[2024-02-22T22:22:36.369+0000][gc,marking    ] GC(4) Concurrent Cleanup for Next Mark 22.800ms
[2024-02-22T22:22:36.369+0000][gc            ] GC(4) Concurrent Cycle 62.765ms
[2024-02-22T22:22:37.319+0000][gc,start      ] GC(5) Pause Young (Normal) (G1 Evacuation Pause)
[2024-02-22T22:22:37.319+0000][gc,task       ] GC(5) Using 4 workers of 4 for evacuation
[2024-02-22T22:22:37.335+0000][gc,phases     ] GC(5)   Pre Evacuate Collection Set: 0.1ms
[2024-02-22T22:22:37.335+0000][gc,phases     ] GC(5)   Evacuate Collection Set: 14.6ms
[2024-02-22T22:22:37.335+0000][gc,phases     ] GC(5)   Post Evacuate Collection Set: 1.2ms
[2024-02-22T22:22:37.335+0000][gc,phases     ] GC(5)   Other: 0.4ms
[2024-02-22T22:22:37.335+0000][gc,heap       ] GC(5) Eden regions: 48->0(44)
[2024-02-22T22:22:37.335+0000][gc,heap       ] GC(5) Survivor regions: 3->7(7)
[2024-02-22T22:22:37.335+0000][gc,heap       ] GC(5) Old regions: 8->8
[2024-02-22T22:22:37.335+0000][gc,heap       ] GC(5) Humongous regions: 129->129
[2024-02-22T22:22:37.335+0000][gc,metaspace  ] GC(5) Metaspace: 42608K->42608K(1087488K)
[2024-02-22T22:22:37.335+0000][gc            ] GC(5) Pause Young (Normal) (G1 Evacuation Pause) 186M->142M(1024M) 16.431ms
[2024-02-22T22:22:37.335+0000][gc,cpu        ] GC(5) User=0.05s Sys=0.00s Real=0.02s
[2024-02-22T22:32:19.294+0000][gc,start      ] GC(6) Pause Young (Normal) (G1 Evacuation Pause)
[2024-02-22T22:32:19.295+0000][gc,task       ] GC(6) Using 4 workers of 4 for evacuation
[2024-02-22T22:32:19.312+0000][gc,phases     ] GC(6)   Pre Evacuate Collection Set: 0.3ms
[2024-02-22T22:32:19.312+0000][gc,phases     ] GC(6)   Evacuate Collection Set: 15.1ms
[2024-02-22T22:32:19.312+0000][gc,phases     ] GC(6)   Post Evacuate Collection Set: 1.2ms
[2024-02-22T22:32:19.312+0000][gc,phases     ] GC(6)   Other: 0.4ms
[2024-02-22T22:32:19.312+0000][gc,heap       ] GC(6) Eden regions: 44->0(48)
[2024-02-22T22:32:19.312+0000][gc,heap       ] GC(6) Survivor regions: 7->3(7)
[2024-02-22T22:32:19.312+0000][gc,heap       ] GC(6) Old regions: 8->14
[2024-02-22T22:32:19.312+0000][gc,heap       ] GC(6) Humongous regions: 129->129
[2024-02-22T22:32:19.312+0000][gc,metaspace  ] GC(6) Metaspace: 48784K->48784K(1093632K)
[2024-02-22T22:32:19.312+0000][gc            ] GC(6) Pause Young (Normal) (G1 Evacuation Pause) 186M->144M(1024M) 17.202ms
[2024-02-22T22:32:19.312+0000][gc,cpu        ] GC(6) User=0.05s Sys=0.00s Real=0.02s
[2024-02-22T23:02:52.889+0000][gc,start      ] GC(7) Pause Young (Normal) (G1 Evacuation Pause)
[2024-02-22T23:02:52.889+0000][gc,task       ] GC(7) Using 4 workers of 4 for evacuation
[2024-02-22T23:02:52.898+0000][gc,phases     ] GC(7)   Pre Evacuate Collection Set: 0.3ms
[2024-02-22T23:02:52.898+0000][gc,phases     ] GC(7)   Evacuate Collection Set: 7.3ms
[2024-02-22T23:02:52.898+0000][gc,phases     ] GC(7)   Post Evacuate Collection Set: 1.1ms
[2024-02-22T23:02:52.898+0000][gc,phases     ] GC(7)   Other: 0.3ms
[2024-02-22T23:02:52.898+0000][gc,heap       ] GC(7) Eden regions: 48->0(47)
[2024-02-22T23:02:52.898+0000][gc,heap       ] GC(7) Survivor regions: 3->4(7)
[2024-02-22T23:02:52.898+0000][gc,heap       ] GC(7) Old regions: 14->14
[2024-02-22T23:02:52.898+0000][gc,heap       ] GC(7) Humongous regions: 129->129
[2024-02-22T23:02:52.898+0000][gc,metaspace  ] GC(7) Metaspace: 49849K->49849K(1095680K)
[2024-02-22T23:02:52.898+0000][gc            ] GC(7) Pause Young (Normal) (G1 Evacuation Pause) 192M->145M(1024M) 9.099ms
[2024-02-22T23:02:52.898+0000][gc,cpu        ] GC(7) User=0.02s Sys=0.00s Real=0.00s
[2024-02-22T23:55:05.512+0000][gc,start      ] GC(8) Pause Young (Normal) (G1 Evacuation Pause)
[2024-02-22T23:55:05.512+0000][gc,task       ] GC(8) Using 4 workers of 4 for evacuation
[2024-02-22T23:55:05.521+0000][gc,phases     ] GC(8)   Pre Evacuate Collection Set: 0.2ms
[2024-02-22T23:55:05.521+0000][gc,phases     ] GC(8)   Evacuate Collection Set: 6.5ms
[2024-02-22T23:55:05.521+0000][gc,phases     ] GC(8)   Post Evacuate Collection Set: 1.9ms
[2024-02-22T23:55:05.521+0000][gc,phases     ] GC(8)   Other: 0.4ms
[2024-02-22T23:55:05.521+0000][gc,heap       ] GC(8) Eden regions: 47->0(47)
[2024-02-22T23:55:05.521+0000][gc,heap       ] GC(8) Survivor regions: 4->4(7)
[2024-02-22T23:55:05.521+0000][gc,heap       ] GC(8) Old regions: 14->14
[2024-02-22T23:55:05.521+0000][gc,heap       ] GC(8) Humongous regions: 129->129
[2024-02-22T23:55:05.521+0000][gc,metaspace  ] GC(8) Metaspace: 50044K->50044K(1095680K)
[2024-02-22T23:55:05.521+0000][gc            ] GC(8) Pause Young (Normal) (G1 Evacuation Pause) 192M->145M(1024M) 9.274ms
[2024-02-22T23:55:05.521+0000][gc,cpu        ] GC(8) User=0.02s Sys=0.00s Real=0.01s
[2024-02-23T00:02:37.135+0000][gc,heap,exit  ] Heap
[2024-02-23T00:02:37.135+0000][gc,heap,exit  ]  garbage-first heap   total 1048576K, used 163448K [0x00000000c0000000, 0x0000000100000000)
[2024-02-23T00:02:37.135+0000][gc,heap,exit  ]   region size 1024K, 20 young (20480K), 4 survivors (4096K)
[2024-02-23T00:02:37.135+0000][gc,heap,exit  ]  Metaspace       used 50865K, capacity 53465K, committed 53704K, reserved 1095680K
[2024-02-23T00:02:37.135+0000][gc,heap,exit  ]   class space    used 6185K, capacity 7444K, committed 7448K, reserved 1048576K
