[2024-02-03T22:04:47.286+0000][gc,heap] Heap region size: 1M
[2024-02-03T22:04:47.300+0000][gc     ] Using G1
[2024-02-03T22:04:47.301+0000][gc,heap,coops] Heap address: 0x00000000c0000000, size: 1024 MB, Compressed Oops mode: 32-bit
[2024-02-03T22:04:48.678+0000][gc,start     ] GC(0) Pause Young (Concurrent Start) (Metadata GC Threshold)
[2024-02-03T22:04:48.679+0000][gc,task      ] GC(0) Using 4 workers of 4 for evacuation
[2024-02-03T22:04:48.692+0000][gc,phases    ] GC(0)   Pre Evacuate Collection Set: 0.0ms
[2024-02-03T22:04:48.692+0000][gc,phases    ] GC(0)   Evacuate Collection Set: 12.2ms
[2024-02-03T22:04:48.692+0000][gc,phases    ] GC(0)   Post Evacuate Collection Set: 0.7ms
[2024-02-03T22:04:48.692+0000][gc,phases    ] GC(0)   Other: 0.8ms
[2024-02-03T22:04:48.692+0000][gc,heap      ] GC(0) Eden regions: 48->0(44)
[2024-02-03T22:04:48.692+0000][gc,heap      ] GC(0) Survivor regions: 0->7(7)
[2024-02-03T22:04:48.692+0000][gc,heap      ] GC(0) Old regions: 0->1
[2024-02-03T22:04:48.692+0000][gc,heap      ] GC(0) Humongous regions: 0->0
[2024-02-03T22:04:48.692+0000][gc,metaspace ] GC(0) Metaspace: 20768K->20768K(1069056K)
[2024-02-03T22:04:48.692+0000][gc           ] GC(0) Pause Young (Concurrent Start) (Metadata GC Threshold) 48M->7M(1024M) 13.846ms
[2024-02-03T22:04:48.692+0000][gc,cpu       ] GC(0) User=0.02s Sys=0.01s Real=0.01s
[2024-02-03T22:04:48.692+0000][gc           ] GC(1) Concurrent Cycle
[2024-02-03T22:04:48.692+0000][gc,marking   ] GC(1) Concurrent Clear Claimed Marks
[2024-02-03T22:04:48.692+0000][gc,marking   ] GC(1) Concurrent Clear Claimed Marks 0.020ms
[2024-02-03T22:04:48.692+0000][gc,marking   ] GC(1) Concurrent Scan Root Regions
[2024-02-03T22:04:48.696+0000][gc,marking   ] GC(1) Concurrent Scan Root Regions 3.131ms
[2024-02-03T22:04:48.696+0000][gc,marking   ] GC(1) Concurrent Mark (1.413s)
[2024-02-03T22:04:48.696+0000][gc,marking   ] GC(1) Concurrent Mark From Roots
[2024-02-03T22:04:48.696+0000][gc,task      ] GC(1) Using 1 workers of 1 for marking
[2024-02-03T22:04:48.697+0000][gc,marking   ] GC(1) Concurrent Mark From Roots 1.369ms
[2024-02-03T22:04:48.697+0000][gc,marking   ] GC(1) Concurrent Preclean
[2024-02-03T22:04:48.697+0000][gc,marking   ] GC(1) Concurrent Preclean 0.076ms
[2024-02-03T22:04:48.697+0000][gc,marking   ] GC(1) Concurrent Mark (1.413s, 1.414s) 1.480ms
[2024-02-03T22:04:48.697+0000][gc,start     ] GC(1) Pause Remark
[2024-02-03T22:04:48.701+0000][gc,stringtable] GC(1) Cleaned string and symbol table, strings: 7773 processed, 0 removed, symbols: 65394 processed, 32 removed
[2024-02-03T22:04:48.701+0000][gc            ] GC(1) Pause Remark 7M->7M(1024M) 3.816ms
[2024-02-03T22:04:48.701+0000][gc,cpu        ] GC(1) User=0.01s Sys=0.00s Real=0.01s
[2024-02-03T22:04:48.701+0000][gc,marking    ] GC(1) Concurrent Rebuild Remembered Sets
[2024-02-03T22:04:48.701+0000][gc,marking    ] GC(1) Concurrent Rebuild Remembered Sets 0.215ms
[2024-02-03T22:04:48.702+0000][gc,start      ] GC(1) Pause Cleanup
[2024-02-03T22:04:48.702+0000][gc            ] GC(1) Pause Cleanup 7M->7M(1024M) 0.242ms
[2024-02-03T22:04:48.702+0000][gc,cpu        ] GC(1) User=0.00s Sys=0.00s Real=0.00s
[2024-02-03T22:04:48.702+0000][gc,marking    ] GC(1) Concurrent Cleanup for Next Mark
[2024-02-03T22:04:48.714+0000][gc,marking    ] GC(1) Concurrent Cleanup for Next Mark 12.144ms
[2024-02-03T22:04:48.714+0000][gc            ] GC(1) Concurrent Cycle 21.760ms
[2024-02-03T22:04:49.747+0000][gc,start      ] GC(2) Pause Young (Normal) (G1 Evacuation Pause)
[2024-02-03T22:04:49.747+0000][gc,task       ] GC(2) Using 4 workers of 4 for evacuation
[2024-02-03T22:04:49.758+0000][gc,phases     ] GC(2)   Pre Evacuate Collection Set: 0.0ms
[2024-02-03T22:04:49.758+0000][gc,phases     ] GC(2)   Evacuate Collection Set: 10.6ms
[2024-02-03T22:04:49.758+0000][gc,phases     ] GC(2)   Post Evacuate Collection Set: 0.7ms
[2024-02-03T22:04:49.758+0000][gc,phases     ] GC(2)   Other: 0.2ms
[2024-02-03T22:04:49.758+0000][gc,heap       ] GC(2) Eden regions: 44->0(49)
[2024-02-03T22:04:49.758+0000][gc,heap       ] GC(2) Survivor regions: 7->2(7)
[2024-02-03T22:04:49.758+0000][gc,heap       ] GC(2) Old regions: 1->8
[2024-02-03T22:04:49.758+0000][gc,heap       ] GC(2) Humongous regions: 129->129
[2024-02-03T22:04:49.758+0000][gc,metaspace  ] GC(2) Metaspace: 29224K->29224K(1075200K)
[2024-02-03T22:04:49.758+0000][gc            ] GC(2) Pause Young (Normal) (G1 Evacuation Pause) 180M->138M(1024M) 11.688ms
[2024-02-03T22:04:49.759+0000][gc,cpu        ] GC(2) User=0.03s Sys=0.01s Real=0.02s
[2024-02-03T22:04:50.209+0000][gc,start      ] GC(3) Pause Young (Concurrent Start) (Metadata GC Threshold)
[2024-02-03T22:04:50.209+0000][gc,task       ] GC(3) Using 4 workers of 4 for evacuation
[2024-02-03T22:04:50.213+0000][gc,phases     ] GC(3)   Pre Evacuate Collection Set: 0.1ms
[2024-02-03T22:04:50.214+0000][gc,phases     ] GC(3)   Evacuate Collection Set: 3.5ms
[2024-02-03T22:04:50.214+0000][gc,phases     ] GC(3)   Post Evacuate Collection Set: 0.5ms
[2024-02-03T22:04:50.214+0000][gc,phases     ] GC(3)   Other: 0.3ms
[2024-02-03T22:04:50.214+0000][gc,heap       ] GC(3) Eden regions: 29->0(48)
[2024-02-03T22:04:50.214+0000][gc,heap       ] GC(3) Survivor regions: 2->3(7)
[2024-02-03T22:04:50.214+0000][gc,heap       ] GC(3) Old regions: 8->8
[2024-02-03T22:04:50.214+0000][gc,heap       ] GC(3) Humongous regions: 129->129
[2024-02-03T22:04:50.214+0000][gc,metaspace  ] GC(3) Metaspace: 34608K->34608K(1081344K)
[2024-02-03T22:04:50.214+0000][gc            ] GC(3) Pause Young (Concurrent Start) (Metadata GC Threshold) 166M->138M(1024M) 4.474ms
[2024-02-03T22:04:50.214+0000][gc,cpu        ] GC(3) User=0.01s Sys=0.00s Real=0.01s
[2024-02-03T22:04:50.214+0000][gc            ] GC(4) Concurrent Cycle
[2024-02-03T22:04:50.214+0000][gc,marking    ] GC(4) Concurrent Clear Claimed Marks
[2024-02-03T22:04:50.214+0000][gc,marking    ] GC(4) Concurrent Clear Claimed Marks 0.071ms
[2024-02-03T22:04:50.214+0000][gc,marking    ] GC(4) Concurrent Scan Root Regions
[2024-02-03T22:04:50.217+0000][gc,marking    ] GC(4) Concurrent Scan Root Regions 3.042ms
[2024-02-03T22:04:50.217+0000][gc,marking    ] GC(4) Concurrent Mark (2.934s)
[2024-02-03T22:04:50.217+0000][gc,marking    ] GC(4) Concurrent Mark From Roots
[2024-02-03T22:04:50.217+0000][gc,task       ] GC(4) Using 1 workers of 1 for marking
[2024-02-03T22:04:50.231+0000][gc,marking    ] GC(4) Concurrent Mark From Roots 13.945ms
[2024-02-03T22:04:50.231+0000][gc,marking    ] GC(4) Concurrent Preclean
[2024-02-03T22:04:50.231+0000][gc,marking    ] GC(4) Concurrent Preclean 0.157ms
[2024-02-03T22:04:50.231+0000][gc,marking    ] GC(4) Concurrent Mark (2.934s, 2.948s) 14.182ms
[2024-02-03T22:04:50.231+0000][gc,start      ] GC(4) Pause Remark
[2024-02-03T22:04:50.235+0000][gc,stringtable] GC(4) Cleaned string and symbol table, strings: 11516 processed, 10 removed, symbols: 98099 processed, 26 removed
[2024-02-03T22:04:50.235+0000][gc            ] GC(4) Pause Remark 140M->140M(1024M) 3.915ms
[2024-02-03T22:04:50.235+0000][gc,cpu        ] GC(4) User=0.01s Sys=0.00s Real=0.00s
[2024-02-03T22:04:50.235+0000][gc,marking    ] GC(4) Concurrent Rebuild Remembered Sets
[2024-02-03T22:04:50.246+0000][gc,marking    ] GC(4) Concurrent Rebuild Remembered Sets 10.453ms
[2024-02-03T22:04:50.246+0000][gc,start      ] GC(4) Pause Cleanup
[2024-02-03T22:04:50.246+0000][gc            ] GC(4) Pause Cleanup 141M->141M(1024M) 0.255ms
[2024-02-03T22:04:50.246+0000][gc,cpu        ] GC(4) User=0.00s Sys=0.00s Real=0.00s
[2024-02-03T22:04:50.246+0000][gc,marking    ] GC(4) Concurrent Cleanup for Next Mark
[2024-02-03T22:04:50.264+0000][gc,marking    ] GC(4) Concurrent Cleanup for Next Mark 17.422ms
[2024-02-03T22:04:50.264+0000][gc            ] GC(4) Concurrent Cycle 50.054ms
[2024-02-03T22:04:51.047+0000][gc,start      ] GC(5) Pause Young (Normal) (G1 Evacuation Pause)
[2024-02-03T22:04:51.047+0000][gc,task       ] GC(5) Using 4 workers of 4 for evacuation
[2024-02-03T22:04:51.063+0000][gc,phases     ] GC(5)   Pre Evacuate Collection Set: 0.1ms
[2024-02-03T22:04:51.063+0000][gc,phases     ] GC(5)   Evacuate Collection Set: 14.9ms
[2024-02-03T22:04:51.063+0000][gc,phases     ] GC(5)   Post Evacuate Collection Set: 0.7ms
[2024-02-03T22:04:51.063+0000][gc,phases     ] GC(5)   Other: 0.3ms
[2024-02-03T22:04:51.063+0000][gc,heap       ] GC(5) Eden regions: 48->0(44)
[2024-02-03T22:04:51.063+0000][gc,heap       ] GC(5) Survivor regions: 3->7(7)
[2024-02-03T22:04:51.063+0000][gc,heap       ] GC(5) Old regions: 8->8
[2024-02-03T22:04:51.063+0000][gc,heap       ] GC(5) Humongous regions: 129->129
[2024-02-03T22:04:51.063+0000][gc,metaspace  ] GC(5) Metaspace: 42224K->42224K(1087488K)
[2024-02-03T22:04:51.063+0000][gc            ] GC(5) Pause Young (Normal) (G1 Evacuation Pause) 186M->142M(1024M) 16.139ms
[2024-02-03T22:04:51.063+0000][gc,cpu        ] GC(5) User=0.06s Sys=0.00s Real=0.02s
[2024-02-03T23:16:19.146+0000][gc,start      ] GC(6) Pause Young (Normal) (G1 Evacuation Pause)
[2024-02-03T23:16:19.146+0000][gc,task       ] GC(6) Using 4 workers of 4 for evacuation
[2024-02-03T23:16:19.162+0000][gc,phases     ] GC(6)   Pre Evacuate Collection Set: 0.2ms
[2024-02-03T23:16:19.162+0000][gc,phases     ] GC(6)   Evacuate Collection Set: 14.5ms
[2024-02-03T23:16:19.162+0000][gc,phases     ] GC(6)   Post Evacuate Collection Set: 0.8ms
[2024-02-03T23:16:19.162+0000][gc,phases     ] GC(6)   Other: 0.4ms
[2024-02-03T23:16:19.162+0000][gc,heap       ] GC(6) Eden regions: 44->0(50)
[2024-02-03T23:16:19.162+0000][gc,heap       ] GC(6) Survivor regions: 7->1(7)
[2024-02-03T23:16:19.162+0000][gc,heap       ] GC(6) Old regions: 8->14
[2024-02-03T23:16:19.162+0000][gc,heap       ] GC(6) Humongous regions: 129->129
[2024-02-03T23:16:19.162+0000][gc,metaspace  ] GC(6) Metaspace: 44786K->44786K(1089536K)
[2024-02-03T23:16:19.162+0000][gc            ] GC(6) Pause Young (Normal) (G1 Evacuation Pause) 186M->143M(1024M) 15.987ms
[2024-02-03T23:16:19.162+0000][gc,cpu        ] GC(6) User=0.02s Sys=0.02s Real=0.02s
[2024-02-04T00:50:04.101+0000][gc,heap,exit  ] Heap
[2024-02-04T00:50:04.101+0000][gc,heap,exit  ]  garbage-first heap   total 1048576K, used 195138K [0x00000000c0000000, 0x0000000100000000)
[2024-02-04T00:50:04.101+0000][gc,heap,exit  ]   region size 1024K, 50 young (51200K), 1 survivors (1024K)
[2024-02-04T00:50:04.101+0000][gc,heap,exit  ]  Metaspace       used 45777K, capacity 47486K, committed 47536K, reserved 1091584K
[2024-02-04T00:50:04.101+0000][gc,heap,exit  ]   class space    used 5321K, capacity 6143K, committed 6144K, reserved 1048576K
