[2024-02-27T20:48:58.457+0000][gc,heap] Heap region size: 1M
[2024-02-27T20:48:58.471+0000][gc     ] Using G1
[2024-02-27T20:48:58.471+0000][gc,heap,coops] Heap address: 0x00000000c0000000, size: 1024 MB, Compressed Oops mode: 32-bit
[2024-02-27T20:49:00.315+0000][gc,start     ] GC(0) Pause Young (Concurrent Start) (Metadata GC Threshold)
[2024-02-27T20:49:00.315+0000][gc,task      ] GC(0) Using 4 workers of 4 for evacuation
[2024-02-27T20:49:00.328+0000][gc,phases    ] GC(0)   Pre Evacuate Collection Set: 0.1ms
[2024-02-27T20:49:00.328+0000][gc,phases    ] GC(0)   Evacuate Collection Set: 11.3ms
[2024-02-27T20:49:00.328+0000][gc,phases    ] GC(0)   Post Evacuate Collection Set: 0.7ms
[2024-02-27T20:49:00.328+0000][gc,phases    ] GC(0)   Other: 0.9ms
[2024-02-27T20:49:00.328+0000][gc,heap      ] GC(0) Eden regions: 49->0(44)
[2024-02-27T20:49:00.328+0000][gc,heap      ] GC(0) Survivor regions: 0->7(7)
[2024-02-27T20:49:00.328+0000][gc,heap      ] GC(0) Old regions: 0->1
[2024-02-27T20:49:00.328+0000][gc,heap      ] GC(0) Humongous regions: 0->0
[2024-02-27T20:49:00.328+0000][gc,metaspace ] GC(0) Metaspace: 20774K->20774K(1069056K)
[2024-02-27T20:49:00.328+0000][gc           ] GC(0) Pause Young (Concurrent Start) (Metadata GC Threshold) 48M->7M(1024M) 13.091ms
[2024-02-27T20:49:00.328+0000][gc,cpu       ] GC(0) User=0.02s Sys=0.01s Real=0.01s
[2024-02-27T20:49:00.328+0000][gc           ] GC(1) Concurrent Cycle
[2024-02-27T20:49:00.328+0000][gc,marking   ] GC(1) Concurrent Clear Claimed Marks
[2024-02-27T20:49:00.328+0000][gc,marking   ] GC(1) Concurrent Clear Claimed Marks 0.030ms
[2024-02-27T20:49:00.328+0000][gc,marking   ] GC(1) Concurrent Scan Root Regions
[2024-02-27T20:49:00.332+0000][gc,marking   ] GC(1) Concurrent Scan Root Regions 3.439ms
[2024-02-27T20:49:00.332+0000][gc,marking   ] GC(1) Concurrent Mark (1.879s)
[2024-02-27T20:49:00.332+0000][gc,marking   ] GC(1) Concurrent Mark From Roots
[2024-02-27T20:49:00.332+0000][gc,task      ] GC(1) Using 1 workers of 1 for marking
[2024-02-27T20:49:00.333+0000][gc,marking   ] GC(1) Concurrent Mark From Roots 1.799ms
[2024-02-27T20:49:00.333+0000][gc,marking   ] GC(1) Concurrent Preclean
[2024-02-27T20:49:00.334+0000][gc,marking   ] GC(1) Concurrent Preclean 0.095ms
[2024-02-27T20:49:00.334+0000][gc,marking   ] GC(1) Concurrent Mark (1.879s, 1.881s) 1.960ms
[2024-02-27T20:49:00.334+0000][gc,start     ] GC(1) Pause Remark
[2024-02-27T20:49:00.340+0000][gc,stringtable] GC(1) Cleaned string and symbol table, strings: 7772 processed, 0 removed, symbols: 65400 processed, 32 removed
[2024-02-27T20:49:00.341+0000][gc            ] GC(1) Pause Remark 7M->7M(1024M) 6.756ms
[2024-02-27T20:49:00.341+0000][gc,cpu        ] GC(1) User=0.02s Sys=0.00s Real=0.00s
[2024-02-27T20:49:00.341+0000][gc,marking    ] GC(1) Concurrent Rebuild Remembered Sets
[2024-02-27T20:49:00.341+0000][gc,marking    ] GC(1) Concurrent Rebuild Remembered Sets 0.244ms
[2024-02-27T20:49:00.341+0000][gc,start      ] GC(1) Pause Cleanup
[2024-02-27T20:49:00.341+0000][gc            ] GC(1) Pause Cleanup 7M->7M(1024M) 0.281ms
[2024-02-27T20:49:00.341+0000][gc,cpu        ] GC(1) User=0.00s Sys=0.00s Real=0.00s
[2024-02-27T20:49:00.341+0000][gc,marking    ] GC(1) Concurrent Cleanup for Next Mark
[2024-02-27T20:49:00.356+0000][gc,marking    ] GC(1) Concurrent Cleanup for Next Mark 14.311ms
[2024-02-27T20:49:00.356+0000][gc            ] GC(1) Concurrent Cycle 27.698ms
[2024-02-27T20:49:01.791+0000][gc,start      ] GC(2) Pause Young (Normal) (G1 Evacuation Pause)
[2024-02-27T20:49:01.791+0000][gc,task       ] GC(2) Using 4 workers of 4 for evacuation
[2024-02-27T20:49:01.802+0000][gc,phases     ] GC(2)   Pre Evacuate Collection Set: 0.0ms
[2024-02-27T20:49:01.802+0000][gc,phases     ] GC(2)   Evacuate Collection Set: 10.6ms
[2024-02-27T20:49:01.802+0000][gc,phases     ] GC(2)   Post Evacuate Collection Set: 0.8ms
[2024-02-27T20:49:01.802+0000][gc,phases     ] GC(2)   Other: 0.2ms
[2024-02-27T20:49:01.802+0000][gc,heap       ] GC(2) Eden regions: 44->0(49)
[2024-02-27T20:49:01.802+0000][gc,heap       ] GC(2) Survivor regions: 7->2(7)
[2024-02-27T20:49:01.802+0000][gc,heap       ] GC(2) Old regions: 1->8
[2024-02-27T20:49:01.802+0000][gc,heap       ] GC(2) Humongous regions: 129->129
[2024-02-27T20:49:01.802+0000][gc,metaspace  ] GC(2) Metaspace: 29065K->29065K(1075200K)
[2024-02-27T20:49:01.802+0000][gc            ] GC(2) Pause Young (Normal) (G1 Evacuation Pause) 180M->138M(1024M) 11.758ms
[2024-02-27T20:49:01.802+0000][gc,cpu        ] GC(2) User=0.02s Sys=0.02s Real=0.01s
[2024-02-27T20:49:02.395+0000][gc,start      ] GC(3) Pause Young (Concurrent Start) (Metadata GC Threshold)
[2024-02-27T20:49:02.395+0000][gc,task       ] GC(3) Using 4 workers of 4 for evacuation
[2024-02-27T20:49:02.401+0000][gc,phases     ] GC(3)   Pre Evacuate Collection Set: 0.1ms
[2024-02-27T20:49:02.401+0000][gc,phases     ] GC(3)   Evacuate Collection Set: 4.5ms
[2024-02-27T20:49:02.401+0000][gc,phases     ] GC(3)   Post Evacuate Collection Set: 0.6ms
[2024-02-27T20:49:02.401+0000][gc,phases     ] GC(3)   Other: 0.2ms
[2024-02-27T20:49:02.401+0000][gc,heap       ] GC(3) Eden regions: 30->0(48)
[2024-02-27T20:49:02.401+0000][gc,heap       ] GC(3) Survivor regions: 2->3(7)
[2024-02-27T20:49:02.401+0000][gc,heap       ] GC(3) Old regions: 8->8
[2024-02-27T20:49:02.401+0000][gc,heap       ] GC(3) Humongous regions: 129->129
[2024-02-27T20:49:02.401+0000][gc,metaspace  ] GC(3) Metaspace: 34612K->34612K(1081344K)
[2024-02-27T20:49:02.401+0000][gc            ] GC(3) Pause Young (Concurrent Start) (Metadata GC Threshold) 167M->138M(1024M) 5.501ms
[2024-02-27T20:49:02.401+0000][gc,cpu        ] GC(3) User=0.01s Sys=0.00s Real=0.00s
[2024-02-27T20:49:02.401+0000][gc            ] GC(4) Concurrent Cycle
[2024-02-27T20:49:02.401+0000][gc,marking    ] GC(4) Concurrent Clear Claimed Marks
[2024-02-27T20:49:02.401+0000][gc,marking    ] GC(4) Concurrent Clear Claimed Marks 0.064ms
[2024-02-27T20:49:02.401+0000][gc,marking    ] GC(4) Concurrent Scan Root Regions
[2024-02-27T20:49:02.404+0000][gc,marking    ] GC(4) Concurrent Scan Root Regions 2.502ms
[2024-02-27T20:49:02.404+0000][gc,marking    ] GC(4) Concurrent Mark (3.951s)
[2024-02-27T20:49:02.404+0000][gc,marking    ] GC(4) Concurrent Mark From Roots
[2024-02-27T20:49:02.404+0000][gc,task       ] GC(4) Using 1 workers of 1 for marking
[2024-02-27T20:49:02.419+0000][gc,marking    ] GC(4) Concurrent Mark From Roots 14.871ms
[2024-02-27T20:49:02.419+0000][gc,marking    ] GC(4) Concurrent Preclean
[2024-02-27T20:49:02.419+0000][gc,marking    ] GC(4) Concurrent Preclean 0.169ms
[2024-02-27T20:49:02.419+0000][gc,marking    ] GC(4) Concurrent Mark (3.951s, 3.966s) 15.117ms
[2024-02-27T20:49:02.419+0000][gc,start      ] GC(4) Pause Remark
[2024-02-27T20:49:02.423+0000][gc,stringtable] GC(4) Cleaned string and symbol table, strings: 11531 processed, 10 removed, symbols: 98113 processed, 25 removed
[2024-02-27T20:49:02.423+0000][gc            ] GC(4) Pause Remark 140M->140M(1024M) 3.941ms
[2024-02-27T20:49:02.423+0000][gc,cpu        ] GC(4) User=0.01s Sys=0.00s Real=0.00s
[2024-02-27T20:49:02.423+0000][gc,marking    ] GC(4) Concurrent Rebuild Remembered Sets
[2024-02-27T20:49:02.428+0000][gc,marking    ] GC(4) Concurrent Rebuild Remembered Sets 5.118ms
[2024-02-27T20:49:02.428+0000][gc,start      ] GC(4) Pause Cleanup
[2024-02-27T20:49:02.429+0000][gc            ] GC(4) Pause Cleanup 140M->140M(1024M) 0.360ms
[2024-02-27T20:49:02.429+0000][gc,cpu        ] GC(4) User=0.00s Sys=0.00s Real=0.00s
[2024-02-27T20:49:02.429+0000][gc,marking    ] GC(4) Concurrent Cleanup for Next Mark
[2024-02-27T20:49:02.448+0000][gc,marking    ] GC(4) Concurrent Cleanup for Next Mark 19.236ms
[2024-02-27T20:49:02.448+0000][gc            ] GC(4) Concurrent Cycle 47.222ms
[2024-02-27T20:49:03.237+0000][gc,start      ] GC(5) Pause Young (Normal) (G1 Evacuation Pause)
[2024-02-27T20:49:03.237+0000][gc,task       ] GC(5) Using 4 workers of 4 for evacuation
[2024-02-27T20:49:03.249+0000][gc,phases     ] GC(5)   Pre Evacuate Collection Set: 0.1ms
[2024-02-27T20:49:03.249+0000][gc,phases     ] GC(5)   Evacuate Collection Set: 11.2ms
[2024-02-27T20:49:03.249+0000][gc,phases     ] GC(5)   Post Evacuate Collection Set: 0.6ms
[2024-02-27T20:49:03.249+0000][gc,phases     ] GC(5)   Other: 0.2ms
[2024-02-27T20:49:03.249+0000][gc,heap       ] GC(5) Eden regions: 48->0(44)
[2024-02-27T20:49:03.249+0000][gc,heap       ] GC(5) Survivor regions: 3->7(7)
[2024-02-27T20:49:03.249+0000][gc,heap       ] GC(5) Old regions: 8->8
[2024-02-27T20:49:03.249+0000][gc,heap       ] GC(5) Humongous regions: 129->129
[2024-02-27T20:49:03.249+0000][gc,metaspace  ] GC(5) Metaspace: 42230K->42230K(1087488K)
[2024-02-27T20:49:03.249+0000][gc            ] GC(5) Pause Young (Normal) (G1 Evacuation Pause) 186M->142M(1024M) 12.219ms
[2024-02-27T20:49:03.249+0000][gc,cpu        ] GC(5) User=0.05s Sys=0.00s Real=0.01s
[2024-02-27T21:05:49.849+0000][gc,start      ] GC(6) Pause Young (Normal) (G1 Evacuation Pause)
[2024-02-27T21:05:49.849+0000][gc,task       ] GC(6) Using 4 workers of 4 for evacuation
[2024-02-27T21:05:49.862+0000][gc,phases     ] GC(6)   Pre Evacuate Collection Set: 0.2ms
[2024-02-27T21:05:49.862+0000][gc,phases     ] GC(6)   Evacuate Collection Set: 11.6ms
[2024-02-27T21:05:49.862+0000][gc,phases     ] GC(6)   Post Evacuate Collection Set: 1.0ms
[2024-02-27T21:05:49.862+0000][gc,phases     ] GC(6)   Other: 0.3ms
[2024-02-27T21:05:49.862+0000][gc,heap       ] GC(6) Eden regions: 44->0(49)
[2024-02-27T21:05:49.862+0000][gc,heap       ] GC(6) Survivor regions: 7->2(7)
[2024-02-27T21:05:49.862+0000][gc,heap       ] GC(6) Old regions: 8->14
[2024-02-27T21:05:49.862+0000][gc,heap       ] GC(6) Humongous regions: 129->129
[2024-02-27T21:05:49.862+0000][gc,metaspace  ] GC(6) Metaspace: 48354K->48354K(1093632K)
[2024-02-27T21:05:49.862+0000][gc            ] GC(6) Pause Young (Normal) (G1 Evacuation Pause) 186M->144M(1024M) 13.111ms
[2024-02-27T21:05:49.862+0000][gc,cpu        ] GC(6) User=0.04s Sys=0.01s Real=0.01s
