[2024-01-31T20:55:40.859+0000][gc,heap] Heap region size: 1M
[2024-01-31T20:55:40.877+0000][gc     ] Using G1
[2024-01-31T20:55:40.877+0000][gc,heap,coops] Heap address: 0x00000000c0000000, size: 1024 MB, Compressed Oops mode: 32-bit
[2024-01-31T20:55:42.066+0000][gc,start     ] GC(0) Pause Young (Concurrent Start) (Metadata GC Threshold)
[2024-01-31T20:55:42.066+0000][gc,task      ] GC(0) Using 4 workers of 4 for evacuation
[2024-01-31T20:55:42.080+0000][gc,phases    ] GC(0)   Pre Evacuate Collection Set: 0.1ms
[2024-01-31T20:55:42.080+0000][gc,phases    ] GC(0)   Evacuate Collection Set: 12.7ms
[2024-01-31T20:55:42.080+0000][gc,phases    ] GC(0)   Post Evacuate Collection Set: 0.8ms
[2024-01-31T20:55:42.080+0000][gc,phases    ] GC(0)   Other: 0.7ms
[2024-01-31T20:55:42.080+0000][gc,heap      ] GC(0) Eden regions: 49->0(44)
[2024-01-31T20:55:42.080+0000][gc,heap      ] GC(0) Survivor regions: 0->7(7)
[2024-01-31T20:55:42.080+0000][gc,heap      ] GC(0) Old regions: 0->1
[2024-01-31T20:55:42.080+0000][gc,heap      ] GC(0) Humongous regions: 0->0
[2024-01-31T20:55:42.080+0000][gc,metaspace ] GC(0) Metaspace: 20765K->20765K(1069056K)
[2024-01-31T20:55:42.080+0000][gc           ] GC(0) Pause Young (Concurrent Start) (Metadata GC Threshold) 48M->7M(1024M) 14.453ms
[2024-01-31T20:55:42.080+0000][gc,cpu       ] GC(0) User=0.01s Sys=0.01s Real=0.01s
[2024-01-31T20:55:42.080+0000][gc           ] GC(1) Concurrent Cycle
[2024-01-31T20:55:42.080+0000][gc,marking   ] GC(1) Concurrent Clear Claimed Marks
[2024-01-31T20:55:42.080+0000][gc,marking   ] GC(1) Concurrent Clear Claimed Marks 0.032ms
[2024-01-31T20:55:42.080+0000][gc,marking   ] GC(1) Concurrent Scan Root Regions
[2024-01-31T20:55:42.083+0000][gc,marking   ] GC(1) Concurrent Scan Root Regions 2.871ms
[2024-01-31T20:55:42.083+0000][gc,marking   ] GC(1) Concurrent Mark (1.228s)
[2024-01-31T20:55:42.083+0000][gc,marking   ] GC(1) Concurrent Mark From Roots
[2024-01-31T20:55:42.083+0000][gc,task      ] GC(1) Using 1 workers of 1 for marking
[2024-01-31T20:55:42.086+0000][gc,marking   ] GC(1) Concurrent Mark From Roots 2.207ms
[2024-01-31T20:55:42.086+0000][gc,marking   ] GC(1) Concurrent Preclean
[2024-01-31T20:55:42.086+0000][gc,marking   ] GC(1) Concurrent Preclean 0.101ms
[2024-01-31T20:55:42.086+0000][gc,marking   ] GC(1) Concurrent Mark (1.228s, 1.231s) 2.390ms
[2024-01-31T20:55:42.086+0000][gc,start     ] GC(1) Pause Remark
[2024-01-31T20:55:42.089+0000][gc,stringtable] GC(1) Cleaned string and symbol table, strings: 7769 processed, 0 removed, symbols: 65395 processed, 32 removed
[2024-01-31T20:55:42.090+0000][gc            ] GC(1) Pause Remark 7M->7M(1024M) 3.936ms
[2024-01-31T20:55:42.090+0000][gc,cpu        ] GC(1) User=0.01s Sys=0.00s Real=0.00s
[2024-01-31T20:55:42.090+0000][gc,marking    ] GC(1) Concurrent Rebuild Remembered Sets
[2024-01-31T20:55:42.091+0000][gc,marking    ] GC(1) Concurrent Rebuild Remembered Sets 0.632ms
[2024-01-31T20:55:42.091+0000][gc,start      ] GC(1) Pause Cleanup
[2024-01-31T20:55:42.092+0000][gc            ] GC(1) Pause Cleanup 7M->7M(1024M) 0.332ms
[2024-01-31T20:55:42.092+0000][gc,cpu        ] GC(1) User=0.00s Sys=0.00s Real=0.00s
[2024-01-31T20:55:42.092+0000][gc,marking    ] GC(1) Concurrent Cleanup for Next Mark
[2024-01-31T20:55:42.108+0000][gc,marking    ] GC(1) Concurrent Cleanup for Next Mark 15.887ms
[2024-01-31T20:55:42.108+0000][gc            ] GC(1) Concurrent Cycle 27.408ms
[2024-01-31T20:55:42.997+0000][gc,start      ] GC(2) Pause Young (Normal) (G1 Evacuation Pause)
[2024-01-31T20:55:42.997+0000][gc,task       ] GC(2) Using 4 workers of 4 for evacuation
[2024-01-31T20:55:43.008+0000][gc,phases     ] GC(2)   Pre Evacuate Collection Set: 0.0ms
[2024-01-31T20:55:43.008+0000][gc,phases     ] GC(2)   Evacuate Collection Set: 10.3ms
[2024-01-31T20:55:43.008+0000][gc,phases     ] GC(2)   Post Evacuate Collection Set: 0.8ms
[2024-01-31T20:55:43.008+0000][gc,phases     ] GC(2)   Other: 0.2ms
[2024-01-31T20:55:43.008+0000][gc,heap       ] GC(2) Eden regions: 44->0(49)
[2024-01-31T20:55:43.008+0000][gc,heap       ] GC(2) Survivor regions: 7->2(7)
[2024-01-31T20:55:43.008+0000][gc,heap       ] GC(2) Old regions: 1->8
[2024-01-31T20:55:43.008+0000][gc,heap       ] GC(2) Humongous regions: 129->129
[2024-01-31T20:55:43.008+0000][gc,metaspace  ] GC(2) Metaspace: 29243K->29243K(1075200K)
[2024-01-31T20:55:43.008+0000][gc            ] GC(2) Pause Young (Normal) (G1 Evacuation Pause) 180M->138M(1024M) 11.441ms
[2024-01-31T20:55:43.008+0000][gc,cpu        ] GC(2) User=0.04s Sys=0.00s Real=0.01s
[2024-01-31T20:55:43.342+0000][gc,start      ] GC(3) Pause Young (Concurrent Start) (Metadata GC Threshold)
[2024-01-31T20:55:43.342+0000][gc,task       ] GC(3) Using 4 workers of 4 for evacuation
[2024-01-31T20:55:43.349+0000][gc,phases     ] GC(3)   Pre Evacuate Collection Set: 0.1ms
[2024-01-31T20:55:43.349+0000][gc,phases     ] GC(3)   Evacuate Collection Set: 5.9ms
[2024-01-31T20:55:43.349+0000][gc,phases     ] GC(3)   Post Evacuate Collection Set: 0.6ms
[2024-01-31T20:55:43.349+0000][gc,phases     ] GC(3)   Other: 0.3ms
[2024-01-31T20:55:43.349+0000][gc,heap       ] GC(3) Eden regions: 31->0(48)
[2024-01-31T20:55:43.349+0000][gc,heap       ] GC(3) Survivor regions: 2->3(7)
[2024-01-31T20:55:43.349+0000][gc,heap       ] GC(3) Old regions: 8->8
[2024-01-31T20:55:43.349+0000][gc,heap       ] GC(3) Humongous regions: 129->129
[2024-01-31T20:55:43.349+0000][gc,metaspace  ] GC(3) Metaspace: 34793K->34793K(1081344K)
[2024-01-31T20:55:43.349+0000][gc            ] GC(3) Pause Young (Concurrent Start) (Metadata GC Threshold) 168M->139M(1024M) 7.160ms
[2024-01-31T20:55:43.349+0000][gc,cpu        ] GC(3) User=0.01s Sys=0.00s Real=0.01s
[2024-01-31T20:55:43.350+0000][gc            ] GC(4) Concurrent Cycle
[2024-01-31T20:55:43.350+0000][gc,marking    ] GC(4) Concurrent Clear Claimed Marks
[2024-01-31T20:55:43.350+0000][gc,marking    ] GC(4) Concurrent Clear Claimed Marks 0.077ms
[2024-01-31T20:55:43.350+0000][gc,marking    ] GC(4) Concurrent Scan Root Regions
[2024-01-31T20:55:43.353+0000][gc,marking    ] GC(4) Concurrent Scan Root Regions 3.286ms
[2024-01-31T20:55:43.353+0000][gc,marking    ] GC(4) Concurrent Mark (2.498s)
[2024-01-31T20:55:43.353+0000][gc,marking    ] GC(4) Concurrent Mark From Roots
[2024-01-31T20:55:43.353+0000][gc,task       ] GC(4) Using 1 workers of 1 for marking
[2024-01-31T20:55:43.369+0000][gc,marking    ] GC(4) Concurrent Mark From Roots 15.674ms
[2024-01-31T20:55:43.369+0000][gc,marking    ] GC(4) Concurrent Preclean
[2024-01-31T20:55:43.369+0000][gc,marking    ] GC(4) Concurrent Preclean 0.177ms
[2024-01-31T20:55:43.369+0000][gc,marking    ] GC(4) Concurrent Mark (2.498s, 2.514s) 15.935ms
[2024-01-31T20:55:43.369+0000][gc,start      ] GC(4) Pause Remark
[2024-01-31T20:55:43.374+0000][gc,stringtable] GC(4) Cleaned string and symbol table, strings: 11682 processed, 10 removed, symbols: 98261 processed, 26 removed
[2024-01-31T20:55:43.374+0000][gc            ] GC(4) Pause Remark 140M->140M(1024M) 4.997ms
[2024-01-31T20:55:43.374+0000][gc,cpu        ] GC(4) User=0.01s Sys=0.01s Real=0.00s
[2024-01-31T20:55:43.374+0000][gc,marking    ] GC(4) Concurrent Rebuild Remembered Sets
[2024-01-31T20:55:43.383+0000][gc,marking    ] GC(4) Concurrent Rebuild Remembered Sets 8.537ms
[2024-01-31T20:55:43.383+0000][gc,start      ] GC(4) Pause Cleanup
[2024-01-31T20:55:43.384+0000][gc            ] GC(4) Pause Cleanup 141M->141M(1024M) 0.341ms
[2024-01-31T20:55:43.384+0000][gc,cpu        ] GC(4) User=0.00s Sys=0.00s Real=0.00s
[2024-01-31T20:55:43.384+0000][gc,marking    ] GC(4) Concurrent Cleanup for Next Mark
[2024-01-31T20:55:43.403+0000][gc,marking    ] GC(4) Concurrent Cleanup for Next Mark 19.240ms
[2024-01-31T20:55:43.403+0000][gc            ] GC(4) Concurrent Cycle 53.497ms
[2024-01-31T20:55:44.213+0000][gc,start      ] GC(5) Pause Young (Normal) (G1 Evacuation Pause)
[2024-01-31T20:55:44.213+0000][gc,task       ] GC(5) Using 4 workers of 4 for evacuation
[2024-01-31T20:55:44.225+0000][gc,phases     ] GC(5)   Pre Evacuate Collection Set: 0.0ms
[2024-01-31T20:55:44.225+0000][gc,phases     ] GC(5)   Evacuate Collection Set: 11.5ms
[2024-01-31T20:55:44.226+0000][gc,phases     ] GC(5)   Post Evacuate Collection Set: 0.6ms
[2024-01-31T20:55:44.226+0000][gc,phases     ] GC(5)   Other: 0.2ms
[2024-01-31T20:55:44.226+0000][gc,heap       ] GC(5) Eden regions: 48->0(44)
[2024-01-31T20:55:44.226+0000][gc,heap       ] GC(5) Survivor regions: 3->7(7)
[2024-01-31T20:55:44.226+0000][gc,heap       ] GC(5) Old regions: 8->8
[2024-01-31T20:55:44.226+0000][gc,heap       ] GC(5) Humongous regions: 129->129
[2024-01-31T20:55:44.226+0000][gc,metaspace  ] GC(5) Metaspace: 42566K->42566K(1087488K)
[2024-01-31T20:55:44.226+0000][gc            ] GC(5) Pause Young (Normal) (G1 Evacuation Pause) 187M->142M(1024M) 12.491ms
[2024-01-31T20:55:44.226+0000][gc,cpu        ] GC(5) User=0.04s Sys=0.00s Real=0.02s
[2024-01-31T21:10:03.121+0000][gc,start      ] GC(6) Pause Young (Normal) (G1 Evacuation Pause)
[2024-01-31T21:10:03.121+0000][gc,task       ] GC(6) Using 4 workers of 4 for evacuation
[2024-01-31T21:10:03.136+0000][gc,phases     ] GC(6)   Pre Evacuate Collection Set: 0.1ms
[2024-01-31T21:10:03.136+0000][gc,phases     ] GC(6)   Evacuate Collection Set: 13.3ms
[2024-01-31T21:10:03.136+0000][gc,phases     ] GC(6)   Post Evacuate Collection Set: 1.1ms
[2024-01-31T21:10:03.136+0000][gc,phases     ] GC(6)   Other: 0.3ms
[2024-01-31T21:10:03.136+0000][gc,heap       ] GC(6) Eden regions: 44->0(48)
[2024-01-31T21:10:03.136+0000][gc,heap       ] GC(6) Survivor regions: 7->3(7)
[2024-01-31T21:10:03.136+0000][gc,heap       ] GC(6) Old regions: 8->14
[2024-01-31T21:10:03.136+0000][gc,heap       ] GC(6) Humongous regions: 129->129
[2024-01-31T21:10:03.136+0000][gc,metaspace  ] GC(6) Metaspace: 48830K->48830K(1093632K)
[2024-01-31T21:10:03.136+0000][gc            ] GC(6) Pause Young (Normal) (G1 Evacuation Pause) 186M->144M(1024M) 14.915ms
[2024-01-31T21:10:03.136+0000][gc,cpu        ] GC(6) User=0.04s Sys=0.01s Real=0.02s
[2024-01-31T22:09:03.130+0000][gc,start      ] GC(7) Pause Young (Normal) (G1 Evacuation Pause)
[2024-01-31T22:09:03.130+0000][gc,task       ] GC(7) Using 4 workers of 4 for evacuation
[2024-01-31T22:09:03.135+0000][gc,phases     ] GC(7)   Pre Evacuate Collection Set: 0.1ms
[2024-01-31T22:09:03.135+0000][gc,phases     ] GC(7)   Evacuate Collection Set: 4.2ms
[2024-01-31T22:09:03.135+0000][gc,phases     ] GC(7)   Post Evacuate Collection Set: 0.7ms
[2024-01-31T22:09:03.135+0000][gc,phases     ] GC(7)   Other: 0.4ms
[2024-01-31T22:09:03.135+0000][gc,heap       ] GC(7) Eden regions: 48->0(49)
[2024-01-31T22:09:03.135+0000][gc,heap       ] GC(7) Survivor regions: 3->2(7)
[2024-01-31T22:09:03.135+0000][gc,heap       ] GC(7) Old regions: 14->14
[2024-01-31T22:09:03.135+0000][gc,heap       ] GC(7) Humongous regions: 129->129
[2024-01-31T22:09:03.135+0000][gc,metaspace  ] GC(7) Metaspace: 49409K->49409K(1093632K)
[2024-01-31T22:09:03.135+0000][gc            ] GC(7) Pause Young (Normal) (G1 Evacuation Pause) 192M->144M(1024M) 5.655ms
[2024-01-31T22:09:03.135+0000][gc,cpu        ] GC(7) User=0.02s Sys=0.00s Real=0.01s
[2024-01-31T23:09:03.224+0000][gc,start      ] GC(8) Pause Young (Normal) (G1 Evacuation Pause)
[2024-01-31T23:09:03.224+0000][gc,task       ] GC(8) Using 4 workers of 4 for evacuation
[2024-01-31T23:09:03.238+0000][gc,phases     ] GC(8)   Pre Evacuate Collection Set: 0.2ms
[2024-01-31T23:09:03.239+0000][gc,phases     ] GC(8)   Evacuate Collection Set: 11.1ms
[2024-01-31T23:09:03.239+0000][gc,phases     ] GC(8)   Post Evacuate Collection Set: 2.8ms
[2024-01-31T23:09:03.239+0000][gc,phases     ] GC(8)   Other: 0.5ms
[2024-01-31T23:09:03.239+0000][gc,heap       ] GC(8) Eden regions: 49->0(48)
[2024-01-31T23:09:03.239+0000][gc,heap       ] GC(8) Survivor regions: 2->3(7)
[2024-01-31T23:09:03.239+0000][gc,heap       ] GC(8) Old regions: 14->14
[2024-01-31T23:09:03.239+0000][gc,heap       ] GC(8) Humongous regions: 129->129
[2024-01-31T23:09:03.239+0000][gc,metaspace  ] GC(8) Metaspace: 49738K->49738K(1093632K)
[2024-01-31T23:09:03.239+0000][gc            ] GC(8) Pause Young (Normal) (G1 Evacuation Pause) 193M->144M(1024M) 14.682ms
[2024-01-31T23:09:03.239+0000][gc,cpu        ] GC(8) User=0.02s Sys=0.00s Real=0.01s
[2024-01-31T23:42:45.276+0000][gc,heap,exit  ] Heap
[2024-01-31T23:42:45.277+0000][gc,heap,exit  ]  garbage-first heap   total 1048576K, used 186207K [0x00000000c0000000, 0x0000000100000000)
[2024-01-31T23:42:45.277+0000][gc,heap,exit  ]   region size 1024K, 42 young (43008K), 3 survivors (3072K)
[2024-01-31T23:42:45.277+0000][gc,heap,exit  ]  Metaspace       used 50770K, capacity 53406K, committed 53448K, reserved 1095680K
[2024-01-31T23:42:45.277+0000][gc,heap,exit  ]   class space    used 6332K, capacity 7676K, committed 7704K, reserved 1048576K
