[2024-02-26T20:56:50.834+0000][gc,heap] Heap region size: 1M
[2024-02-26T20:56:50.850+0000][gc     ] Using G1
[2024-02-26T20:56:50.851+0000][gc,heap,coops] Heap address: 0x00000000c0000000, size: 1024 MB, Compressed Oops mode: 32-bit
[2024-02-26T20:56:52.645+0000][gc,start     ] GC(0) Pause Young (Concurrent Start) (Metadata GC Threshold)
[2024-02-26T20:56:52.645+0000][gc,task      ] GC(0) Using 4 workers of 4 for evacuation
[2024-02-26T20:56:52.656+0000][gc,phases    ] GC(0)   Pre Evacuate Collection Set: 0.1ms
[2024-02-26T20:56:52.656+0000][gc,phases    ] GC(0)   Evacuate Collection Set: 9.4ms
[2024-02-26T20:56:52.656+0000][gc,phases    ] GC(0)   Post Evacuate Collection Set: 0.8ms
[2024-02-26T20:56:52.656+0000][gc,phases    ] GC(0)   Other: 0.8ms
[2024-02-26T20:56:52.656+0000][gc,heap      ] GC(0) Eden regions: 49->0(44)
[2024-02-26T20:56:52.656+0000][gc,heap      ] GC(0) Survivor regions: 0->7(7)
[2024-02-26T20:56:52.656+0000][gc,heap      ] GC(0) Old regions: 0->1
[2024-02-26T20:56:52.656+0000][gc,heap      ] GC(0) Humongous regions: 0->0
[2024-02-26T20:56:52.656+0000][gc,metaspace ] GC(0) Metaspace: 20775K->20775K(1069056K)
[2024-02-26T20:56:52.656+0000][gc           ] GC(0) Pause Young (Concurrent Start) (Metadata GC Threshold) 48M->7M(1024M) 11.184ms
[2024-02-26T20:56:52.656+0000][gc,cpu       ] GC(0) User=0.02s Sys=0.01s Real=0.02s
[2024-02-26T20:56:52.656+0000][gc           ] GC(1) Concurrent Cycle
[2024-02-26T20:56:52.656+0000][gc,marking   ] GC(1) Concurrent Clear Claimed Marks
[2024-02-26T20:56:52.656+0000][gc,marking   ] GC(1) Concurrent Clear Claimed Marks 0.046ms
[2024-02-26T20:56:52.656+0000][gc,marking   ] GC(1) Concurrent Scan Root Regions
[2024-02-26T20:56:52.659+0000][gc,marking   ] GC(1) Concurrent Scan Root Regions 3.174ms
[2024-02-26T20:56:52.659+0000][gc,marking   ] GC(1) Concurrent Mark (1.831s)
[2024-02-26T20:56:52.659+0000][gc,marking   ] GC(1) Concurrent Mark From Roots
[2024-02-26T20:56:52.659+0000][gc,task      ] GC(1) Using 1 workers of 1 for marking
[2024-02-26T20:56:52.661+0000][gc,marking   ] GC(1) Concurrent Mark From Roots 1.600ms
[2024-02-26T20:56:52.661+0000][gc,marking   ] GC(1) Concurrent Preclean
[2024-02-26T20:56:52.661+0000][gc,marking   ] GC(1) Concurrent Preclean 0.077ms
[2024-02-26T20:56:52.661+0000][gc,marking   ] GC(1) Concurrent Mark (1.831s, 1.833s) 1.715ms
[2024-02-26T20:56:52.661+0000][gc,start     ] GC(1) Pause Remark
[2024-02-26T20:56:52.664+0000][gc,stringtable] GC(1) Cleaned string and symbol table, strings: 7770 processed, 0 removed, symbols: 65399 processed, 32 removed
[2024-02-26T20:56:52.664+0000][gc            ] GC(1) Pause Remark 7M->7M(1024M) 2.861ms
[2024-02-26T20:56:52.664+0000][gc,cpu        ] GC(1) User=0.01s Sys=0.00s Real=0.00s
[2024-02-26T20:56:52.664+0000][gc,marking    ] GC(1) Concurrent Rebuild Remembered Sets
[2024-02-26T20:56:52.664+0000][gc,marking    ] GC(1) Concurrent Rebuild Remembered Sets 0.233ms
[2024-02-26T20:56:52.665+0000][gc,start      ] GC(1) Pause Cleanup
[2024-02-26T20:56:52.665+0000][gc            ] GC(1) Pause Cleanup 7M->7M(1024M) 0.287ms
[2024-02-26T20:56:52.665+0000][gc,cpu        ] GC(1) User=0.00s Sys=0.00s Real=0.00s
[2024-02-26T20:56:52.665+0000][gc,marking    ] GC(1) Concurrent Cleanup for Next Mark
[2024-02-26T20:56:52.678+0000][gc,marking    ] GC(1) Concurrent Cleanup for Next Mark 12.947ms
[2024-02-26T20:56:52.678+0000][gc            ] GC(1) Concurrent Cycle 22.085ms
[2024-02-26T20:56:54.125+0000][gc,start      ] GC(2) Pause Young (Normal) (G1 Evacuation Pause)
[2024-02-26T20:56:54.125+0000][gc,task       ] GC(2) Using 4 workers of 4 for evacuation
[2024-02-26T20:56:54.136+0000][gc,phases     ] GC(2)   Pre Evacuate Collection Set: 0.0ms
[2024-02-26T20:56:54.136+0000][gc,phases     ] GC(2)   Evacuate Collection Set: 9.6ms
[2024-02-26T20:56:54.136+0000][gc,phases     ] GC(2)   Post Evacuate Collection Set: 0.9ms
[2024-02-26T20:56:54.136+0000][gc,phases     ] GC(2)   Other: 0.2ms
[2024-02-26T20:56:54.136+0000][gc,heap       ] GC(2) Eden regions: 44->0(48)
[2024-02-26T20:56:54.136+0000][gc,heap       ] GC(2) Survivor regions: 7->3(7)
[2024-02-26T20:56:54.136+0000][gc,heap       ] GC(2) Old regions: 1->7
[2024-02-26T20:56:54.136+0000][gc,heap       ] GC(2) Humongous regions: 129->129
[2024-02-26T20:56:54.136+0000][gc,metaspace  ] GC(2) Metaspace: 29081K->29081K(1075200K)
[2024-02-26T20:56:54.136+0000][gc            ] GC(2) Pause Young (Normal) (G1 Evacuation Pause) 180M->138M(1024M) 10.804ms
[2024-02-26T20:56:54.136+0000][gc,cpu        ] GC(2) User=0.03s Sys=0.00s Real=0.02s
[2024-02-26T20:56:54.770+0000][gc,start      ] GC(3) Pause Young (Concurrent Start) (Metadata GC Threshold)
[2024-02-26T20:56:54.770+0000][gc,task       ] GC(3) Using 4 workers of 4 for evacuation
[2024-02-26T20:56:54.775+0000][gc,phases     ] GC(3)   Pre Evacuate Collection Set: 0.1ms
[2024-02-26T20:56:54.775+0000][gc,phases     ] GC(3)   Evacuate Collection Set: 3.6ms
[2024-02-26T20:56:54.775+0000][gc,phases     ] GC(3)   Post Evacuate Collection Set: 0.6ms
[2024-02-26T20:56:54.775+0000][gc,phases     ] GC(3)   Other: 0.2ms
[2024-02-26T20:56:54.775+0000][gc,heap       ] GC(3) Eden regions: 29->0(48)
[2024-02-26T20:56:54.775+0000][gc,heap       ] GC(3) Survivor regions: 3->3(7)
[2024-02-26T20:56:54.775+0000][gc,heap       ] GC(3) Old regions: 7->7
[2024-02-26T20:56:54.775+0000][gc,heap       ] GC(3) Humongous regions: 129->129
[2024-02-26T20:56:54.775+0000][gc,metaspace  ] GC(3) Metaspace: 34600K->34600K(1081344K)
[2024-02-26T20:56:54.775+0000][gc            ] GC(3) Pause Young (Concurrent Start) (Metadata GC Threshold) 167M->138M(1024M) 4.695ms
[2024-02-26T20:56:54.775+0000][gc,cpu        ] GC(3) User=0.02s Sys=0.00s Real=0.01s
[2024-02-26T20:56:54.775+0000][gc            ] GC(4) Concurrent Cycle
[2024-02-26T20:56:54.775+0000][gc,marking    ] GC(4) Concurrent Clear Claimed Marks
[2024-02-26T20:56:54.775+0000][gc,marking    ] GC(4) Concurrent Clear Claimed Marks 0.056ms
[2024-02-26T20:56:54.775+0000][gc,marking    ] GC(4) Concurrent Scan Root Regions
[2024-02-26T20:56:54.778+0000][gc,marking    ] GC(4) Concurrent Scan Root Regions 2.858ms
[2024-02-26T20:56:54.778+0000][gc,marking    ] GC(4) Concurrent Mark (3.950s)
[2024-02-26T20:56:54.778+0000][gc,marking    ] GC(4) Concurrent Mark From Roots
[2024-02-26T20:56:54.778+0000][gc,task       ] GC(4) Using 1 workers of 1 for marking
[2024-02-26T20:56:54.793+0000][gc,marking    ] GC(4) Concurrent Mark From Roots 14.494ms
[2024-02-26T20:56:54.793+0000][gc,marking    ] GC(4) Concurrent Preclean
[2024-02-26T20:56:54.793+0000][gc,marking    ] GC(4) Concurrent Preclean 0.158ms
[2024-02-26T20:56:54.793+0000][gc,marking    ] GC(4) Concurrent Mark (3.950s, 3.964s) 14.730ms
[2024-02-26T20:56:54.793+0000][gc,start      ] GC(4) Pause Remark
[2024-02-26T20:56:54.797+0000][gc,stringtable] GC(4) Cleaned string and symbol table, strings: 11540 processed, 10 removed, symbols: 98109 processed, 24 removed
[2024-02-26T20:56:54.797+0000][gc            ] GC(4) Pause Remark 140M->140M(1024M) 4.078ms
[2024-02-26T20:56:54.797+0000][gc,cpu        ] GC(4) User=0.01s Sys=0.00s Real=0.01s
[2024-02-26T20:56:54.798+0000][gc,marking    ] GC(4) Concurrent Rebuild Remembered Sets
[2024-02-26T20:56:54.806+0000][gc,marking    ] GC(4) Concurrent Rebuild Remembered Sets 8.328ms
[2024-02-26T20:56:54.806+0000][gc,start      ] GC(4) Pause Cleanup
[2024-02-26T20:56:54.806+0000][gc            ] GC(4) Pause Cleanup 141M->141M(1024M) 0.314ms
[2024-02-26T20:56:54.807+0000][gc,cpu        ] GC(4) User=0.00s Sys=0.00s Real=0.00s
[2024-02-26T20:56:54.807+0000][gc,marking    ] GC(4) Concurrent Cleanup for Next Mark
[2024-02-26T20:56:54.831+0000][gc,marking    ] GC(4) Concurrent Cleanup for Next Mark 24.591ms
[2024-02-26T20:56:54.831+0000][gc            ] GC(4) Concurrent Cycle 56.317ms
[2024-02-26T20:56:55.703+0000][gc,start      ] GC(5) Pause Young (Normal) (G1 Evacuation Pause)
[2024-02-26T20:56:55.703+0000][gc,task       ] GC(5) Using 4 workers of 4 for evacuation
[2024-02-26T20:56:55.716+0000][gc,phases     ] GC(5)   Pre Evacuate Collection Set: 0.1ms
[2024-02-26T20:56:55.716+0000][gc,phases     ] GC(5)   Evacuate Collection Set: 11.7ms
[2024-02-26T20:56:55.716+0000][gc,phases     ] GC(5)   Post Evacuate Collection Set: 0.8ms
[2024-02-26T20:56:55.716+0000][gc,phases     ] GC(5)   Other: 0.3ms
[2024-02-26T20:56:55.716+0000][gc,heap       ] GC(5) Eden regions: 48->0(44)
[2024-02-26T20:56:55.716+0000][gc,heap       ] GC(5) Survivor regions: 3->7(7)
[2024-02-26T20:56:55.716+0000][gc,heap       ] GC(5) Old regions: 7->7
[2024-02-26T20:56:55.716+0000][gc,heap       ] GC(5) Humongous regions: 129->129
[2024-02-26T20:56:55.716+0000][gc,metaspace  ] GC(5) Metaspace: 42252K->42252K(1087488K)
[2024-02-26T20:56:55.716+0000][gc            ] GC(5) Pause Young (Normal) (G1 Evacuation Pause) 186M->142M(1024M) 13.004ms
[2024-02-26T20:56:55.716+0000][gc,cpu        ] GC(5) User=0.04s Sys=0.01s Real=0.02s
[2024-02-26T20:58:28.382+0000][gc,start      ] GC(6) Pause Young (Normal) (G1 Evacuation Pause)
[2024-02-26T20:58:28.382+0000][gc,task       ] GC(6) Using 4 workers of 4 for evacuation
[2024-02-26T20:58:28.401+0000][gc,phases     ] GC(6)   Pre Evacuate Collection Set: 0.3ms
[2024-02-26T20:58:28.401+0000][gc,phases     ] GC(6)   Evacuate Collection Set: 17.5ms
[2024-02-26T20:58:28.401+0000][gc,phases     ] GC(6)   Post Evacuate Collection Set: 1.0ms
[2024-02-26T20:58:28.401+0000][gc,phases     ] GC(6)   Other: 0.4ms
[2024-02-26T20:58:28.401+0000][gc,heap       ] GC(6) Eden regions: 44->0(48)
[2024-02-26T20:58:28.401+0000][gc,heap       ] GC(6) Survivor regions: 7->3(7)
[2024-02-26T20:58:28.401+0000][gc,heap       ] GC(6) Old regions: 7->14
[2024-02-26T20:58:28.401+0000][gc,heap       ] GC(6) Humongous regions: 129->129
[2024-02-26T20:58:28.401+0000][gc,metaspace  ] GC(6) Metaspace: 49055K->49055K(1093632K)
[2024-02-26T20:58:28.401+0000][gc            ] GC(6) Pause Young (Normal) (G1 Evacuation Pause) 186M->145M(1024M) 19.276ms
[2024-02-26T20:58:28.401+0000][gc,cpu        ] GC(6) User=0.05s Sys=0.00s Real=0.02s
[2024-02-26T21:21:39.207+0000][gc,start      ] GC(7) Pause Young (Normal) (G1 Evacuation Pause)
[2024-02-26T21:21:39.207+0000][gc,task       ] GC(7) Using 4 workers of 4 for evacuation
[2024-02-26T21:21:39.216+0000][gc,phases     ] GC(7)   Pre Evacuate Collection Set: 0.2ms
[2024-02-26T21:21:39.217+0000][gc,phases     ] GC(7)   Evacuate Collection Set: 7.7ms
[2024-02-26T21:21:39.217+0000][gc,phases     ] GC(7)   Post Evacuate Collection Set: 0.9ms
[2024-02-26T21:21:39.217+0000][gc,phases     ] GC(7)   Other: 0.3ms
[2024-02-26T21:21:39.217+0000][gc,heap       ] GC(7) Eden regions: 48->0(47)
[2024-02-26T21:21:39.217+0000][gc,heap       ] GC(7) Survivor regions: 3->4(7)
[2024-02-26T21:21:39.217+0000][gc,heap       ] GC(7) Old regions: 14->14
[2024-02-26T21:21:39.217+0000][gc,heap       ] GC(7) Humongous regions: 129->129
[2024-02-26T21:21:39.217+0000][gc,metaspace  ] GC(7) Metaspace: 49805K->49805K(1095680K)
[2024-02-26T21:21:39.217+0000][gc            ] GC(7) Pause Young (Normal) (G1 Evacuation Pause) 193M->146M(1024M) 9.291ms
[2024-02-26T21:21:39.217+0000][gc,cpu        ] GC(7) User=0.02s Sys=0.00s Real=0.01s
[2024-02-26T22:25:29.170+0000][gc,start      ] GC(8) Pause Young (Normal) (G1 Evacuation Pause)
[2024-02-26T22:25:29.170+0000][gc,task       ] GC(8) Using 4 workers of 4 for evacuation
[2024-02-26T22:25:29.178+0000][gc,phases     ] GC(8)   Pre Evacuate Collection Set: 0.2ms
[2024-02-26T22:25:29.178+0000][gc,phases     ] GC(8)   Evacuate Collection Set: 6.7ms
[2024-02-26T22:25:29.178+0000][gc,phases     ] GC(8)   Post Evacuate Collection Set: 1.0ms
[2024-02-26T22:25:29.178+0000][gc,phases     ] GC(8)   Other: 0.4ms
[2024-02-26T22:25:29.178+0000][gc,heap       ] GC(8) Eden regions: 47->0(47)
[2024-02-26T22:25:29.178+0000][gc,heap       ] GC(8) Survivor regions: 4->4(7)
[2024-02-26T22:25:29.178+0000][gc,heap       ] GC(8) Old regions: 14->14
[2024-02-26T22:25:29.178+0000][gc,heap       ] GC(8) Humongous regions: 129->129
[2024-02-26T22:25:29.178+0000][gc,metaspace  ] GC(8) Metaspace: 50069K->50069K(1095680K)
[2024-02-26T22:25:29.178+0000][gc            ] GC(8) Pause Young (Normal) (G1 Evacuation Pause) 193M->146M(1024M) 8.440ms
[2024-02-26T22:25:29.178+0000][gc,cpu        ] GC(8) User=0.02s Sys=0.00s Real=0.01s
[2024-02-26T23:11:32.251+0000][gc,heap,exit  ] Heap
[2024-02-26T23:11:32.252+0000][gc,heap,exit  ]  garbage-first heap   total 1048576K, used 192606K [0x00000000c0000000, 0x0000000100000000)
[2024-02-26T23:11:32.252+0000][gc,heap,exit  ]   region size 1024K, 48 young (49152K), 4 survivors (4096K)
[2024-02-26T23:11:32.252+0000][gc,heap,exit  ]  Metaspace       used 50946K, capacity 53549K, committed 53808K, reserved 1095680K
[2024-02-26T23:11:32.252+0000][gc,heap,exit  ]   class space    used 6181K, capacity 7440K, committed 7552K, reserved 1048576K
