[2024-02-02T19:23:09.671+0000][gc,heap] Heap region size: 1M
[2024-02-02T19:23:09.686+0000][gc     ] Using G1
[2024-02-02T19:23:09.686+0000][gc,heap,coops] Heap address: 0x00000000c0000000, size: 1024 MB, Compressed Oops mode: 32-bit
[2024-02-02T19:23:11.193+0000][gc,start     ] GC(0) Pause Young (Concurrent Start) (Metadata GC Threshold)
[2024-02-02T19:23:11.194+0000][gc,task      ] GC(0) Using 4 workers of 4 for evacuation
[2024-02-02T19:23:11.206+0000][gc,phases    ] GC(0)   Pre Evacuate Collection Set: 0.1ms
[2024-02-02T19:23:11.206+0000][gc,phases    ] GC(0)   Evacuate Collection Set: 11.0ms
[2024-02-02T19:23:11.206+0000][gc,phases    ] GC(0)   Post Evacuate Collection Set: 1.0ms
[2024-02-02T19:23:11.206+0000][gc,phases    ] GC(0)   Other: 1.0ms
[2024-02-02T19:23:11.206+0000][gc,heap      ] GC(0) Eden regions: 49->0(44)
[2024-02-02T19:23:11.206+0000][gc,heap      ] GC(0) Survivor regions: 0->7(7)
[2024-02-02T19:23:11.206+0000][gc,heap      ] GC(0) Old regions: 0->1
[2024-02-02T19:23:11.206+0000][gc,heap      ] GC(0) Humongous regions: 0->0
[2024-02-02T19:23:11.206+0000][gc,metaspace ] GC(0) Metaspace: 20770K->20770K(1069056K)
[2024-02-02T19:23:11.206+0000][gc           ] GC(0) Pause Young (Concurrent Start) (Metadata GC Threshold) 48M->7M(1024M) 13.177ms
[2024-02-02T19:23:11.206+0000][gc,cpu       ] GC(0) User=0.02s Sys=0.01s Real=0.02s
[2024-02-02T19:23:11.206+0000][gc           ] GC(1) Concurrent Cycle
[2024-02-02T19:23:11.206+0000][gc,marking   ] GC(1) Concurrent Clear Claimed Marks
[2024-02-02T19:23:11.207+0000][gc,marking   ] GC(1) Concurrent Clear Claimed Marks 0.049ms
[2024-02-02T19:23:11.207+0000][gc,marking   ] GC(1) Concurrent Scan Root Regions
[2024-02-02T19:23:11.210+0000][gc,marking   ] GC(1) Concurrent Scan Root Regions 3.128ms
[2024-02-02T19:23:11.210+0000][gc,marking   ] GC(1) Concurrent Mark (1.543s)
[2024-02-02T19:23:11.210+0000][gc,marking   ] GC(1) Concurrent Mark From Roots
[2024-02-02T19:23:11.210+0000][gc,task      ] GC(1) Using 1 workers of 1 for marking
[2024-02-02T19:23:11.212+0000][gc,marking   ] GC(1) Concurrent Mark From Roots 1.782ms
[2024-02-02T19:23:11.212+0000][gc,marking   ] GC(1) Concurrent Preclean
[2024-02-02T19:23:11.212+0000][gc,marking   ] GC(1) Concurrent Preclean 0.081ms
[2024-02-02T19:23:11.212+0000][gc,marking   ] GC(1) Concurrent Mark (1.543s, 1.545s) 1.919ms
[2024-02-02T19:23:11.212+0000][gc,start     ] GC(1) Pause Remark
[2024-02-02T19:23:11.215+0000][gc,stringtable] GC(1) Cleaned string and symbol table, strings: 7779 processed, 0 removed, symbols: 65398 processed, 32 removed
[2024-02-02T19:23:11.215+0000][gc            ] GC(1) Pause Remark 7M->7M(1024M) 3.353ms
[2024-02-02T19:23:11.215+0000][gc,cpu        ] GC(1) User=0.01s Sys=0.00s Real=0.00s
[2024-02-02T19:23:11.215+0000][gc,marking    ] GC(1) Concurrent Rebuild Remembered Sets
[2024-02-02T19:23:11.216+0000][gc,marking    ] GC(1) Concurrent Rebuild Remembered Sets 0.455ms
[2024-02-02T19:23:11.216+0000][gc,start      ] GC(1) Pause Cleanup
[2024-02-02T19:23:11.216+0000][gc            ] GC(1) Pause Cleanup 7M->7M(1024M) 0.450ms
[2024-02-02T19:23:11.216+0000][gc,cpu        ] GC(1) User=0.00s Sys=0.00s Real=0.00s
[2024-02-02T19:23:11.217+0000][gc,marking    ] GC(1) Concurrent Cleanup for Next Mark
[2024-02-02T19:23:11.233+0000][gc,marking    ] GC(1) Concurrent Cleanup for Next Mark 16.431ms
[2024-02-02T19:23:11.233+0000][gc            ] GC(1) Concurrent Cycle 26.610ms
[2024-02-02T19:23:12.431+0000][gc,start      ] GC(2) Pause Young (Normal) (G1 Evacuation Pause)
[2024-02-02T19:23:12.431+0000][gc,task       ] GC(2) Using 4 workers of 4 for evacuation
[2024-02-02T19:23:12.442+0000][gc,phases     ] GC(2)   Pre Evacuate Collection Set: 0.1ms
[2024-02-02T19:23:12.442+0000][gc,phases     ] GC(2)   Evacuate Collection Set: 9.0ms
[2024-02-02T19:23:12.442+0000][gc,phases     ] GC(2)   Post Evacuate Collection Set: 1.3ms
[2024-02-02T19:23:12.442+0000][gc,phases     ] GC(2)   Other: 0.3ms
[2024-02-02T19:23:12.442+0000][gc,heap       ] GC(2) Eden regions: 44->0(48)
[2024-02-02T19:23:12.442+0000][gc,heap       ] GC(2) Survivor regions: 7->3(7)
[2024-02-02T19:23:12.442+0000][gc,heap       ] GC(2) Old regions: 1->8
[2024-02-02T19:23:12.442+0000][gc,heap       ] GC(2) Humongous regions: 129->129
[2024-02-02T19:23:12.442+0000][gc,metaspace  ] GC(2) Metaspace: 29217K->29217K(1075200K)
[2024-02-02T19:23:12.442+0000][gc            ] GC(2) Pause Young (Normal) (G1 Evacuation Pause) 180M->138M(1024M) 10.728ms
[2024-02-02T19:23:12.442+0000][gc,cpu        ] GC(2) User=0.03s Sys=0.00s Real=0.01s
[2024-02-02T19:23:12.935+0000][gc,start      ] GC(3) Pause Young (Concurrent Start) (Metadata GC Threshold)
[2024-02-02T19:23:12.935+0000][gc,task       ] GC(3) Using 4 workers of 4 for evacuation
[2024-02-02T19:23:12.946+0000][gc,phases     ] GC(3)   Pre Evacuate Collection Set: 0.1ms
[2024-02-02T19:23:12.946+0000][gc,phases     ] GC(3)   Evacuate Collection Set: 9.1ms
[2024-02-02T19:23:12.946+0000][gc,phases     ] GC(3)   Post Evacuate Collection Set: 0.9ms
[2024-02-02T19:23:12.946+0000][gc,phases     ] GC(3)   Other: 0.3ms
[2024-02-02T19:23:12.946+0000][gc,heap       ] GC(3) Eden regions: 31->0(48)
[2024-02-02T19:23:12.946+0000][gc,heap       ] GC(3) Survivor regions: 3->3(7)
[2024-02-02T19:23:12.946+0000][gc,heap       ] GC(3) Old regions: 8->8
[2024-02-02T19:23:12.946+0000][gc,heap       ] GC(3) Humongous regions: 129->129
[2024-02-02T19:23:12.946+0000][gc,metaspace  ] GC(3) Metaspace: 34783K->34783K(1081344K)
[2024-02-02T19:23:12.946+0000][gc            ] GC(3) Pause Young (Concurrent Start) (Metadata GC Threshold) 168M->138M(1024M) 10.457ms
[2024-02-02T19:23:12.946+0000][gc,cpu        ] GC(3) User=0.02s Sys=0.00s Real=0.01s
[2024-02-02T19:23:12.946+0000][gc            ] GC(4) Concurrent Cycle
[2024-02-02T19:23:12.946+0000][gc,marking    ] GC(4) Concurrent Clear Claimed Marks
[2024-02-02T19:23:12.946+0000][gc,marking    ] GC(4) Concurrent Clear Claimed Marks 0.086ms
[2024-02-02T19:23:12.946+0000][gc,marking    ] GC(4) Concurrent Scan Root Regions
[2024-02-02T19:23:12.949+0000][gc,marking    ] GC(4) Concurrent Scan Root Regions 3.243ms
[2024-02-02T19:23:12.949+0000][gc,marking    ] GC(4) Concurrent Mark (3.283s)
[2024-02-02T19:23:12.949+0000][gc,marking    ] GC(4) Concurrent Mark From Roots
[2024-02-02T19:23:12.949+0000][gc,task       ] GC(4) Using 1 workers of 1 for marking
[2024-02-02T19:23:12.964+0000][gc,marking    ] GC(4) Concurrent Mark From Roots 14.901ms
[2024-02-02T19:23:12.964+0000][gc,marking    ] GC(4) Concurrent Preclean
[2024-02-02T19:23:12.964+0000][gc,marking    ] GC(4) Concurrent Preclean 0.189ms
[2024-02-02T19:23:12.964+0000][gc,marking    ] GC(4) Concurrent Mark (3.283s, 3.298s) 15.183ms
[2024-02-02T19:23:12.965+0000][gc,start      ] GC(4) Pause Remark
[2024-02-02T19:23:12.971+0000][gc,stringtable] GC(4) Cleaned string and symbol table, strings: 11686 processed, 10 removed, symbols: 98253 processed, 26 removed
[2024-02-02T19:23:12.971+0000][gc            ] GC(4) Pause Remark 140M->140M(1024M) 6.223ms
[2024-02-02T19:23:12.971+0000][gc,cpu        ] GC(4) User=0.02s Sys=0.00s Real=0.01s
[2024-02-02T19:23:12.971+0000][gc,marking    ] GC(4) Concurrent Rebuild Remembered Sets
[2024-02-02T19:23:12.978+0000][gc,marking    ] GC(4) Concurrent Rebuild Remembered Sets 6.496ms
[2024-02-02T19:23:12.978+0000][gc,start      ] GC(4) Pause Cleanup
[2024-02-02T19:23:12.978+0000][gc            ] GC(4) Pause Cleanup 140M->140M(1024M) 0.357ms
[2024-02-02T19:23:12.978+0000][gc,cpu        ] GC(4) User=0.01s Sys=0.00s Real=0.01s
[2024-02-02T19:23:12.978+0000][gc,marking    ] GC(4) Concurrent Cleanup for Next Mark
[2024-02-02T19:23:12.997+0000][gc,marking    ] GC(4) Concurrent Cleanup for Next Mark 18.312ms
[2024-02-02T19:23:12.997+0000][gc            ] GC(4) Concurrent Cycle 50.880ms
[2024-02-02T19:23:13.880+0000][gc,start      ] GC(5) Pause Young (Normal) (G1 Evacuation Pause)
[2024-02-02T19:23:13.880+0000][gc,task       ] GC(5) Using 4 workers of 4 for evacuation
[2024-02-02T19:23:13.899+0000][gc,phases     ] GC(5)   Pre Evacuate Collection Set: 0.1ms
[2024-02-02T19:23:13.900+0000][gc,phases     ] GC(5)   Evacuate Collection Set: 18.0ms
[2024-02-02T19:23:13.900+0000][gc,phases     ] GC(5)   Post Evacuate Collection Set: 0.9ms
[2024-02-02T19:23:13.900+0000][gc,phases     ] GC(5)   Other: 0.3ms
[2024-02-02T19:23:13.900+0000][gc,heap       ] GC(5) Eden regions: 48->0(44)
[2024-02-02T19:23:13.900+0000][gc,heap       ] GC(5) Survivor regions: 3->7(7)
[2024-02-02T19:23:13.900+0000][gc,heap       ] GC(5) Old regions: 8->8
[2024-02-02T19:23:13.900+0000][gc,heap       ] GC(5) Humongous regions: 129->129
[2024-02-02T19:23:13.900+0000][gc,metaspace  ] GC(5) Metaspace: 42612K->42612K(1087488K)
[2024-02-02T19:23:13.900+0000][gc            ] GC(5) Pause Young (Normal) (G1 Evacuation Pause) 186M->142M(1024M) 19.328ms
[2024-02-02T19:23:13.900+0000][gc,cpu        ] GC(5) User=0.08s Sys=0.00s Real=0.02s
[2024-02-02T19:37:57.472+0000][gc,start      ] GC(6) Pause Young (Normal) (G1 Evacuation Pause)
[2024-02-02T19:37:57.472+0000][gc,task       ] GC(6) Using 4 workers of 4 for evacuation
[2024-02-02T19:37:57.486+0000][gc,phases     ] GC(6)   Pre Evacuate Collection Set: 0.2ms
[2024-02-02T19:37:57.486+0000][gc,phases     ] GC(6)   Evacuate Collection Set: 12.5ms
[2024-02-02T19:37:57.486+0000][gc,phases     ] GC(6)   Post Evacuate Collection Set: 1.1ms
[2024-02-02T19:37:57.486+0000][gc,phases     ] GC(6)   Other: 0.4ms
[2024-02-02T19:37:57.486+0000][gc,heap       ] GC(6) Eden regions: 44->0(49)
[2024-02-02T19:37:57.486+0000][gc,heap       ] GC(6) Survivor regions: 7->2(7)
[2024-02-02T19:37:57.486+0000][gc,heap       ] GC(6) Old regions: 8->14
[2024-02-02T19:37:57.486+0000][gc,heap       ] GC(6) Humongous regions: 129->129
[2024-02-02T19:37:57.486+0000][gc,metaspace  ] GC(6) Metaspace: 48458K->48458K(1093632K)
[2024-02-02T19:37:57.486+0000][gc            ] GC(6) Pause Young (Normal) (G1 Evacuation Pause) 186M->144M(1024M) 14.261ms
[2024-02-02T19:37:57.486+0000][gc,cpu        ] GC(6) User=0.04s Sys=0.01s Real=0.02s
[2024-02-02T20:44:12.041+0000][gc,start      ] GC(7) Pause Young (Normal) (G1 Evacuation Pause)
[2024-02-02T20:44:12.041+0000][gc,task       ] GC(7) Using 4 workers of 4 for evacuation
[2024-02-02T20:44:12.048+0000][gc,phases     ] GC(7)   Pre Evacuate Collection Set: 0.3ms
[2024-02-02T20:44:12.048+0000][gc,phases     ] GC(7)   Evacuate Collection Set: 4.4ms
[2024-02-02T20:44:12.048+0000][gc,phases     ] GC(7)   Post Evacuate Collection Set: 1.1ms
[2024-02-02T20:44:12.048+0000][gc,phases     ] GC(7)   Other: 0.4ms
[2024-02-02T20:44:12.048+0000][gc,heap       ] GC(7) Eden regions: 49->0(49)
[2024-02-02T20:44:12.048+0000][gc,heap       ] GC(7) Survivor regions: 2->2(7)
[2024-02-02T20:44:12.048+0000][gc,heap       ] GC(7) Old regions: 14->14
[2024-02-02T20:44:12.048+0000][gc,heap       ] GC(7) Humongous regions: 129->129
[2024-02-02T20:44:12.048+0000][gc,metaspace  ] GC(7) Metaspace: 48856K->48856K(1093632K)
[2024-02-02T20:44:12.048+0000][gc            ] GC(7) Pause Young (Normal) (G1 Evacuation Pause) 193M->144M(1024M) 6.340ms
[2024-02-02T20:44:12.048+0000][gc,cpu        ] GC(7) User=0.02s Sys=0.00s Real=0.01s
[2024-02-02T21:50:07.042+0000][gc,start      ] GC(8) Pause Young (Normal) (G1 Evacuation Pause)
[2024-02-02T21:50:07.042+0000][gc,task       ] GC(8) Using 4 workers of 4 for evacuation
[2024-02-02T21:50:07.048+0000][gc,phases     ] GC(8)   Pre Evacuate Collection Set: 0.2ms
[2024-02-02T21:50:07.048+0000][gc,phases     ] GC(8)   Evacuate Collection Set: 3.3ms
[2024-02-02T21:50:07.048+0000][gc,phases     ] GC(8)   Post Evacuate Collection Set: 2.4ms
[2024-02-02T21:50:07.048+0000][gc,phases     ] GC(8)   Other: 0.3ms
[2024-02-02T21:50:07.048+0000][gc,heap       ] GC(8) Eden regions: 49->0(49)
[2024-02-02T21:50:07.048+0000][gc,heap       ] GC(8) Survivor regions: 2->2(7)
[2024-02-02T21:50:07.048+0000][gc,heap       ] GC(8) Old regions: 14->14
[2024-02-02T21:50:07.048+0000][gc,heap       ] GC(8) Humongous regions: 129->129
[2024-02-02T21:50:07.048+0000][gc,metaspace  ] GC(8) Metaspace: 48958K->48958K(1093632K)
[2024-02-02T21:50:07.048+0000][gc            ] GC(8) Pause Young (Normal) (G1 Evacuation Pause) 193M->144M(1024M) 6.329ms
[2024-02-02T21:50:07.048+0000][gc,cpu        ] GC(8) User=0.02s Sys=0.00s Real=0.01s
[2024-02-02T22:55:51.892+0000][gc,start      ] GC(9) Pause Young (Normal) (G1 Evacuation Pause)
[2024-02-02T22:55:51.892+0000][gc,task       ] GC(9) Using 4 workers of 4 for evacuation
[2024-02-02T22:55:51.897+0000][gc,phases     ] GC(9)   Pre Evacuate Collection Set: 0.2ms
[2024-02-02T22:55:51.897+0000][gc,phases     ] GC(9)   Evacuate Collection Set: 3.4ms
[2024-02-02T22:55:51.897+0000][gc,phases     ] GC(9)   Post Evacuate Collection Set: 1.1ms
[2024-02-02T22:55:51.897+0000][gc,phases     ] GC(9)   Other: 0.4ms
[2024-02-02T22:55:51.897+0000][gc,heap       ] GC(9) Eden regions: 49->0(49)
[2024-02-02T22:55:51.897+0000][gc,heap       ] GC(9) Survivor regions: 2->2(7)
[2024-02-02T22:55:51.897+0000][gc,heap       ] GC(9) Old regions: 14->14
[2024-02-02T22:55:51.897+0000][gc,heap       ] GC(9) Humongous regions: 129->129
[2024-02-02T22:55:51.897+0000][gc,metaspace  ] GC(9) Metaspace: 48993K->48993K(1093632K)
[2024-02-02T22:55:51.897+0000][gc            ] GC(9) Pause Young (Normal) (G1 Evacuation Pause) 193M->144M(1024M) 5.197ms
[2024-02-02T22:55:51.897+0000][gc,cpu        ] GC(9) User=0.01s Sys=0.00s Real=0.00s
[2024-02-03T00:02:46.821+0000][gc,start      ] GC(10) Pause Young (Normal) (G1 Evacuation Pause)
[2024-02-03T00:02:46.821+0000][gc,task       ] GC(10) Using 4 workers of 4 for evacuation
[2024-02-03T00:02:46.825+0000][gc,phases     ] GC(10)   Pre Evacuate Collection Set: 0.2ms
[2024-02-03T00:02:46.825+0000][gc,phases     ] GC(10)   Evacuate Collection Set: 3.3ms
[2024-02-03T00:02:46.825+0000][gc,phases     ] GC(10)   Post Evacuate Collection Set: 1.0ms
[2024-02-03T00:02:46.826+0000][gc,phases     ] GC(10)   Other: 0.3ms
[2024-02-03T00:02:46.826+0000][gc,heap       ] GC(10) Eden regions: 49->0(52)
[2024-02-03T00:02:46.826+0000][gc,heap       ] GC(10) Survivor regions: 2->2(7)
[2024-02-03T00:02:46.826+0000][gc,heap       ] GC(10) Old regions: 14->14
[2024-02-03T00:02:46.826+0000][gc,heap       ] GC(10) Humongous regions: 129->129
[2024-02-03T00:02:46.826+0000][gc,metaspace  ] GC(10) Metaspace: 49015K->49015K(1093632K)
[2024-02-03T00:02:46.826+0000][gc            ] GC(10) Pause Young (Normal) (G1 Evacuation Pause) 193M->144M(1024M) 4.827ms
[2024-02-03T00:02:46.826+0000][gc,cpu        ] GC(10) User=0.01s Sys=0.00s Real=0.00s
[2024-02-03T00:13:40.651+0000][gc,heap,exit  ] Heap
[2024-02-03T00:13:40.651+0000][gc,heap,exit  ]  garbage-first heap   total 1048576K, used 164103K [0x00000000c0000000, 0x0000000100000000)
[2024-02-03T00:13:40.651+0000][gc,heap,exit  ]   region size 1024K, 20 young (20480K), 2 survivors (2048K)
[2024-02-03T00:13:40.651+0000][gc,heap,exit  ]  Metaspace       used 49845K, capacity 52329K, committed 52476K, reserved 1093632K
[2024-02-03T00:13:40.651+0000][gc,heap,exit  ]   class space    used 6182K, capacity 7440K, committed 7500K, reserved 1048576K
