[2024-02-17T23:35:51.104+0000][gc,heap] Heap region size: 1M
[2024-02-17T23:35:51.119+0000][gc     ] Using G1
[2024-02-17T23:35:51.119+0000][gc,heap,coops] Heap address: 0x00000000c0000000, size: 1024 MB, Compressed Oops mode: 32-bit
[2024-02-17T23:35:52.500+0000][gc,start     ] GC(0) Pause Young (Concurrent Start) (Metadata GC Threshold)
[2024-02-17T23:35:52.500+0000][gc,task      ] GC(0) Using 4 workers of 4 for evacuation
[2024-02-17T23:35:52.512+0000][gc,phases    ] GC(0)   Pre Evacuate Collection Set: 0.1ms
[2024-02-17T23:35:52.512+0000][gc,phases    ] GC(0)   Evacuate Collection Set: 10.8ms
[2024-02-17T23:35:52.512+0000][gc,phases    ] GC(0)   Post Evacuate Collection Set: 0.8ms
[2024-02-17T23:35:52.512+0000][gc,phases    ] GC(0)   Other: 0.9ms
[2024-02-17T23:35:52.512+0000][gc,heap      ] GC(0) Eden regions: 48->0(44)
[2024-02-17T23:35:52.512+0000][gc,heap      ] GC(0) Survivor regions: 0->7(7)
[2024-02-17T23:35:52.512+0000][gc,heap      ] GC(0) Old regions: 0->1
[2024-02-17T23:35:52.512+0000][gc,heap      ] GC(0) Humongous regions: 0->0
[2024-02-17T23:35:52.512+0000][gc,metaspace ] GC(0) Metaspace: 20773K->20773K(1069056K)
[2024-02-17T23:35:52.512+0000][gc           ] GC(0) Pause Young (Concurrent Start) (Metadata GC Threshold) 48M->7M(1024M) 12.687ms
[2024-02-17T23:35:52.512+0000][gc,cpu       ] GC(0) User=0.02s Sys=0.01s Real=0.01s
[2024-02-17T23:35:52.512+0000][gc           ] GC(1) Concurrent Cycle
[2024-02-17T23:35:52.512+0000][gc,marking   ] GC(1) Concurrent Clear Claimed Marks
[2024-02-17T23:35:52.513+0000][gc,marking   ] GC(1) Concurrent Clear Claimed Marks 0.035ms
[2024-02-17T23:35:52.513+0000][gc,marking   ] GC(1) Concurrent Scan Root Regions
[2024-02-17T23:35:52.517+0000][gc,marking   ] GC(1) Concurrent Scan Root Regions 4.166ms
[2024-02-17T23:35:52.517+0000][gc,marking   ] GC(1) Concurrent Mark (1.417s)
[2024-02-17T23:35:52.517+0000][gc,marking   ] GC(1) Concurrent Mark From Roots
[2024-02-17T23:35:52.517+0000][gc,task      ] GC(1) Using 1 workers of 1 for marking
[2024-02-17T23:35:52.519+0000][gc,marking   ] GC(1) Concurrent Mark From Roots 2.075ms
[2024-02-17T23:35:52.519+0000][gc,marking   ] GC(1) Concurrent Preclean
[2024-02-17T23:35:52.519+0000][gc,marking   ] GC(1) Concurrent Preclean 0.118ms
[2024-02-17T23:35:52.519+0000][gc,marking   ] GC(1) Concurrent Mark (1.417s, 1.419s) 2.257ms
[2024-02-17T23:35:52.519+0000][gc,start     ] GC(1) Pause Remark
[2024-02-17T23:35:52.522+0000][gc,stringtable] GC(1) Cleaned string and symbol table, strings: 7780 processed, 0 removed, symbols: 65398 processed, 32 removed
[2024-02-17T23:35:52.522+0000][gc            ] GC(1) Pause Remark 7M->7M(1024M) 2.936ms
[2024-02-17T23:35:52.522+0000][gc,cpu        ] GC(1) User=0.01s Sys=0.00s Real=0.01s
[2024-02-17T23:35:52.522+0000][gc,marking    ] GC(1) Concurrent Rebuild Remembered Sets
[2024-02-17T23:35:52.523+0000][gc,marking    ] GC(1) Concurrent Rebuild Remembered Sets 0.458ms
[2024-02-17T23:35:52.523+0000][gc,start      ] GC(1) Pause Cleanup
[2024-02-17T23:35:52.523+0000][gc            ] GC(1) Pause Cleanup 7M->7M(1024M) 0.283ms
[2024-02-17T23:35:52.523+0000][gc,cpu        ] GC(1) User=0.00s Sys=0.00s Real=0.00s
[2024-02-17T23:35:52.523+0000][gc,marking    ] GC(1) Concurrent Cleanup for Next Mark
[2024-02-17T23:35:52.539+0000][gc,marking    ] GC(1) Concurrent Cleanup for Next Mark 15.357ms
[2024-02-17T23:35:52.539+0000][gc            ] GC(1) Concurrent Cycle 26.122ms
[2024-02-17T23:35:53.615+0000][gc,start      ] GC(2) Pause Young (Normal) (G1 Evacuation Pause)
[2024-02-17T23:35:53.615+0000][gc,task       ] GC(2) Using 4 workers of 4 for evacuation
[2024-02-17T23:35:53.632+0000][gc,phases     ] GC(2)   Pre Evacuate Collection Set: 0.0ms
[2024-02-17T23:35:53.632+0000][gc,phases     ] GC(2)   Evacuate Collection Set: 16.5ms
[2024-02-17T23:35:53.632+0000][gc,phases     ] GC(2)   Post Evacuate Collection Set: 0.8ms
[2024-02-17T23:35:53.632+0000][gc,phases     ] GC(2)   Other: 0.2ms
[2024-02-17T23:35:53.632+0000][gc,heap       ] GC(2) Eden regions: 44->0(48)
[2024-02-17T23:35:53.632+0000][gc,heap       ] GC(2) Survivor regions: 7->3(7)
[2024-02-17T23:35:53.632+0000][gc,heap       ] GC(2) Old regions: 1->7
[2024-02-17T23:35:53.632+0000][gc,heap       ] GC(2) Humongous regions: 129->129
[2024-02-17T23:35:53.632+0000][gc,metaspace  ] GC(2) Metaspace: 29137K->29137K(1075200K)
[2024-02-17T23:35:53.632+0000][gc            ] GC(2) Pause Young (Normal) (G1 Evacuation Pause) 180M->138M(1024M) 17.610ms
[2024-02-17T23:35:53.632+0000][gc,cpu        ] GC(2) User=0.06s Sys=0.01s Real=0.02s
[2024-02-17T23:35:54.114+0000][gc,start      ] GC(3) Pause Young (Concurrent Start) (Metadata GC Threshold)
[2024-02-17T23:35:54.114+0000][gc,task       ] GC(3) Using 4 workers of 4 for evacuation
[2024-02-17T23:35:54.119+0000][gc,phases     ] GC(3)   Pre Evacuate Collection Set: 0.1ms
[2024-02-17T23:35:54.119+0000][gc,phases     ] GC(3)   Evacuate Collection Set: 3.6ms
[2024-02-17T23:35:54.119+0000][gc,phases     ] GC(3)   Post Evacuate Collection Set: 0.6ms
[2024-02-17T23:35:54.119+0000][gc,phases     ] GC(3)   Other: 0.3ms
[2024-02-17T23:35:54.119+0000][gc,heap       ] GC(3) Eden regions: 29->0(48)
[2024-02-17T23:35:54.119+0000][gc,heap       ] GC(3) Survivor regions: 3->3(7)
[2024-02-17T23:35:54.119+0000][gc,heap       ] GC(3) Old regions: 7->7
[2024-02-17T23:35:54.119+0000][gc,heap       ] GC(3) Humongous regions: 129->129
[2024-02-17T23:35:54.119+0000][gc,metaspace  ] GC(3) Metaspace: 34618K->34618K(1081344K)
[2024-02-17T23:35:54.119+0000][gc            ] GC(3) Pause Young (Concurrent Start) (Metadata GC Threshold) 167M->138M(1024M) 4.594ms
[2024-02-17T23:35:54.119+0000][gc,cpu        ] GC(3) User=0.02s Sys=0.00s Real=0.00s
[2024-02-17T23:35:54.119+0000][gc            ] GC(4) Concurrent Cycle
[2024-02-17T23:35:54.119+0000][gc,marking    ] GC(4) Concurrent Clear Claimed Marks
[2024-02-17T23:35:54.119+0000][gc,marking    ] GC(4) Concurrent Clear Claimed Marks 0.067ms
[2024-02-17T23:35:54.119+0000][gc,marking    ] GC(4) Concurrent Scan Root Regions
[2024-02-17T23:35:54.122+0000][gc,marking    ] GC(4) Concurrent Scan Root Regions 3.047ms
[2024-02-17T23:35:54.122+0000][gc,marking    ] GC(4) Concurrent Mark (3.022s)
[2024-02-17T23:35:54.122+0000][gc,marking    ] GC(4) Concurrent Mark From Roots
[2024-02-17T23:35:54.122+0000][gc,task       ] GC(4) Using 1 workers of 1 for marking
[2024-02-17T23:35:54.133+0000][gc,marking    ] GC(4) Concurrent Mark From Roots 11.192ms
[2024-02-17T23:35:54.133+0000][gc,marking    ] GC(4) Concurrent Preclean
[2024-02-17T23:35:54.133+0000][gc,marking    ] GC(4) Concurrent Preclean 0.148ms
[2024-02-17T23:35:54.133+0000][gc,marking    ] GC(4) Concurrent Mark (3.022s, 3.034s) 11.404ms
[2024-02-17T23:35:54.134+0000][gc,start      ] GC(4) Pause Remark
[2024-02-17T23:35:54.138+0000][gc,stringtable] GC(4) Cleaned string and symbol table, strings: 11507 processed, 10 removed, symbols: 98082 processed, 25 removed
[2024-02-17T23:35:54.138+0000][gc            ] GC(4) Pause Remark 139M->139M(1024M) 4.339ms
[2024-02-17T23:35:54.138+0000][gc,cpu        ] GC(4) User=0.02s Sys=0.00s Real=0.00s
[2024-02-17T23:35:54.138+0000][gc,marking    ] GC(4) Concurrent Rebuild Remembered Sets
[2024-02-17T23:35:54.145+0000][gc,marking    ] GC(4) Concurrent Rebuild Remembered Sets 7.095ms
[2024-02-17T23:35:54.145+0000][gc,start      ] GC(4) Pause Cleanup
[2024-02-17T23:35:54.146+0000][gc            ] GC(4) Pause Cleanup 140M->140M(1024M) 0.333ms
[2024-02-17T23:35:54.146+0000][gc,cpu        ] GC(4) User=0.00s Sys=0.00s Real=0.00s
[2024-02-17T23:35:54.146+0000][gc,marking    ] GC(4) Concurrent Cleanup for Next Mark
[2024-02-17T23:35:54.166+0000][gc,marking    ] GC(4) Concurrent Cleanup for Next Mark 20.080ms
[2024-02-17T23:35:54.166+0000][gc            ] GC(4) Concurrent Cycle 47.215ms
[2024-02-17T23:35:54.879+0000][gc,start      ] GC(5) Pause Young (Normal) (G1 Evacuation Pause)
[2024-02-17T23:35:54.879+0000][gc,task       ] GC(5) Using 4 workers of 4 for evacuation
[2024-02-17T23:35:54.889+0000][gc,phases     ] GC(5)   Pre Evacuate Collection Set: 0.1ms
[2024-02-17T23:35:54.890+0000][gc,phases     ] GC(5)   Evacuate Collection Set: 9.0ms
[2024-02-17T23:35:54.890+0000][gc,phases     ] GC(5)   Post Evacuate Collection Set: 1.2ms
[2024-02-17T23:35:54.890+0000][gc,phases     ] GC(5)   Other: 0.3ms
[2024-02-17T23:35:54.890+0000][gc,heap       ] GC(5) Eden regions: 48->0(44)
[2024-02-17T23:35:54.890+0000][gc,heap       ] GC(5) Survivor regions: 3->7(7)
[2024-02-17T23:35:54.890+0000][gc,heap       ] GC(5) Old regions: 7->7
[2024-02-17T23:35:54.890+0000][gc,heap       ] GC(5) Humongous regions: 129->129
[2024-02-17T23:35:54.890+0000][gc,metaspace  ] GC(5) Metaspace: 42265K->42265K(1087488K)
[2024-02-17T23:35:54.890+0000][gc            ] GC(5) Pause Young (Normal) (G1 Evacuation Pause) 186M->142M(1024M) 10.684ms
[2024-02-17T23:35:54.890+0000][gc,cpu        ] GC(5) User=0.03s Sys=0.00s Real=0.01s
[2024-02-17T23:42:43.518+0000][gc,start      ] GC(6) Pause Young (Normal) (G1 Evacuation Pause)
[2024-02-17T23:42:43.518+0000][gc,task       ] GC(6) Using 4 workers of 4 for evacuation
[2024-02-17T23:42:43.534+0000][gc,phases     ] GC(6)   Pre Evacuate Collection Set: 0.2ms
[2024-02-17T23:42:43.534+0000][gc,phases     ] GC(6)   Evacuate Collection Set: 13.7ms
[2024-02-17T23:42:43.534+0000][gc,phases     ] GC(6)   Post Evacuate Collection Set: 1.0ms
[2024-02-17T23:42:43.534+0000][gc,phases     ] GC(6)   Other: 0.3ms
[2024-02-17T23:42:43.534+0000][gc,heap       ] GC(6) Eden regions: 44->0(47)
[2024-02-17T23:42:43.534+0000][gc,heap       ] GC(6) Survivor regions: 7->4(7)
[2024-02-17T23:42:43.534+0000][gc,heap       ] GC(6) Old regions: 7->14
[2024-02-17T23:42:43.534+0000][gc,heap       ] GC(6) Humongous regions: 129->129
[2024-02-17T23:42:43.534+0000][gc,metaspace  ] GC(6) Metaspace: 48517K->48517K(1093632K)
[2024-02-17T23:42:43.534+0000][gc            ] GC(6) Pause Young (Normal) (G1 Evacuation Pause) 186M->145M(1024M) 15.404ms
[2024-02-17T23:42:43.534+0000][gc,cpu        ] GC(6) User=0.05s Sys=0.01s Real=0.02s
[2024-02-17T23:52:38.915+0000][gc,heap,exit  ] Heap
[2024-02-17T23:52:38.915+0000][gc,heap,exit  ]  garbage-first heap   total 1048576K, used 185273K [0x00000000c0000000, 0x0000000100000000)
[2024-02-17T23:52:38.915+0000][gc,heap,exit  ]   region size 1024K, 41 young (41984K), 4 survivors (4096K)
[2024-02-17T23:52:38.915+0000][gc,heap,exit  ]  Metaspace       used 49469K, capacity 51881K, committed 52016K, reserved 1093632K
[2024-02-17T23:52:38.915+0000][gc,heap,exit  ]   class space    used 6092K, capacity 7289K, committed 7296K, reserved 1048576K
