[2024-02-16T19:45:28.139+0000][gc,heap] Heap region size: 1M
[2024-02-16T19:45:28.148+0000][gc     ] Using G1
[2024-02-16T19:45:28.148+0000][gc,heap,coops] Heap address: 0x00000000e0000000, size: 512 MB, Compressed Oops mode: 32-bit
[2024-02-16T19:45:29.670+0000][gc,start     ] GC(0) Pause Young (Normal) (G1 Evacuation Pause)
[2024-02-16T19:45:29.670+0000][gc,task      ] GC(0) Using 4 workers of 4 for evacuation
[2024-02-16T19:45:29.680+0000][gc,phases    ] GC(0)   Pre Evacuate Collection Set: 0.0ms
[2024-02-16T19:45:29.680+0000][gc,phases    ] GC(0)   Evacuate Collection Set: 8.3ms
[2024-02-16T19:45:29.680+0000][gc,phases    ] GC(0)   Post Evacuate Collection Set: 0.8ms
[2024-02-16T19:45:29.680+0000][gc,phases    ] GC(0)   Other: 0.7ms
[2024-02-16T19:45:29.680+0000][gc,heap      ] GC(0) Eden regions: 25->0(21)
[2024-02-16T19:45:29.680+0000][gc,heap      ] GC(0) Survivor regions: 0->4(4)
[2024-02-16T19:45:29.680+0000][gc,heap      ] GC(0) Old regions: 0->4
[2024-02-16T19:45:29.680+0000][gc,heap      ] GC(0) Humongous regions: 0->0
[2024-02-16T19:45:29.680+0000][gc,metaspace ] GC(0) Metaspace: 14345K->14345K(1062912K)
[2024-02-16T19:45:29.680+0000][gc           ] GC(0) Pause Young (Normal) (G1 Evacuation Pause) 25M->7M(512M) 9.992ms
[2024-02-16T19:45:29.680+0000][gc,cpu       ] GC(0) User=0.02s Sys=0.01s Real=0.01s
[2024-02-16T22:11:22.263+0000][gc,heap,exit ] Heap
[2024-02-16T22:11:22.263+0000][gc,heap,exit ]  garbage-first heap   total 524288K, used 28163K [0x00000000e0000000, 0x0000000100000000)
[2024-02-16T22:11:22.263+0000][gc,heap,exit ]   region size 1024K, 25 young (25600K), 4 survivors (4096K)
[2024-02-16T22:11:22.263+0000][gc,heap,exit ]  Metaspace       used 16868K, capacity 17274K, committed 17536K, reserved 1064960K
[2024-02-16T22:11:22.263+0000][gc,heap,exit ]   class space    used 1671K, capacity 1825K, committed 1920K, reserved 1048576K
