[2024-02-27T20:48:42.185+0000][gc,heap] Heap region size: 1M
[2024-02-27T20:48:42.193+0000][gc     ] Using G1
[2024-02-27T20:48:42.193+0000][gc,heap,coops] Heap address: 0x00000000e0000000, size: 512 MB, Compressed Oops mode: 32-bit
[2024-02-27T20:48:44.627+0000][gc,start     ] GC(0) Pause Young (Normal) (G1 Evacuation Pause)
[2024-02-27T20:48:44.628+0000][gc,task      ] GC(0) Using 4 workers of 4 for evacuation
[2024-02-27T20:48:44.648+0000][gc,mmu       ] GC(0) MMU target violated: 20.3ms (20.0ms/21.0ms)
[2024-02-27T20:48:44.648+0000][gc,phases    ] GC(0)   Pre Evacuate Collection Set: 0.0ms
[2024-02-27T20:48:44.648+0000][gc,phases    ] GC(0)   Evacuate Collection Set: 19.5ms
[2024-02-27T20:48:44.648+0000][gc,phases    ] GC(0)   Post Evacuate Collection Set: 0.8ms
[2024-02-27T20:48:44.648+0000][gc,phases    ] GC(0)   Other: 1.0ms
[2024-02-27T20:48:44.648+0000][gc,heap      ] GC(0) Eden regions: 25->0(21)
[2024-02-27T20:48:44.648+0000][gc,heap      ] GC(0) Survivor regions: 0->4(4)
[2024-02-27T20:48:44.648+0000][gc,heap      ] GC(0) Old regions: 0->4
[2024-02-27T20:48:44.648+0000][gc,heap      ] GC(0) Humongous regions: 0->0
[2024-02-27T20:48:44.648+0000][gc,metaspace ] GC(0) Metaspace: 14542K->14542K(1062912K)
[2024-02-27T20:48:44.648+0000][gc           ] GC(0) Pause Young (Normal) (G1 Evacuation Pause) 25M->7M(512M) 21.281ms
[2024-02-27T20:48:44.648+0000][gc,cpu       ] GC(0) User=0.06s Sys=0.00s Real=0.02s
