[2024-02-02T19:22:50.117+0000][gc,heap] Heap region size: 1M
[2024-02-02T19:22:50.125+0000][gc     ] Using G1
[2024-02-02T19:22:50.125+0000][gc,heap,coops] Heap address: 0x00000000e0000000, size: 512 MB, Compressed Oops mode: 32-bit
[2024-02-02T19:22:51.662+0000][gc,start     ] GC(0) Pause Young (Normal) (G1 Evacuation Pause)
[2024-02-02T19:22:51.662+0000][gc,task      ] GC(0) Using 4 workers of 4 for evacuation
[2024-02-02T19:22:51.671+0000][gc,phases    ] GC(0)   Pre Evacuate Collection Set: 0.0ms
[2024-02-02T19:22:51.671+0000][gc,phases    ] GC(0)   Evacuate Collection Set: 7.7ms
[2024-02-02T19:22:51.672+0000][gc,phases    ] GC(0)   Post Evacuate Collection Set: 1.1ms
[2024-02-02T19:22:51.672+0000][gc,phases    ] GC(0)   Other: 1.0ms
[2024-02-02T19:22:51.672+0000][gc,heap      ] GC(0) Eden regions: 25->0(21)
[2024-02-02T19:22:51.672+0000][gc,heap      ] GC(0) Survivor regions: 0->4(4)
[2024-02-02T19:22:51.672+0000][gc,heap      ] GC(0) Old regions: 0->4
[2024-02-02T19:22:51.672+0000][gc,heap      ] GC(0) Humongous regions: 0->0
[2024-02-02T19:22:51.672+0000][gc,metaspace ] GC(0) Metaspace: 14377K->14377K(1062912K)
[2024-02-02T19:22:51.672+0000][gc           ] GC(0) Pause Young (Normal) (G1 Evacuation Pause) 25M->7M(512M) 10.054ms
[2024-02-02T19:22:51.672+0000][gc,cpu       ] GC(0) User=0.02s Sys=0.01s Real=0.01s
[2024-02-02T22:35:58.844+0000][gc,start     ] GC(1) Pause Young (Normal) (G1 Evacuation Pause)
[2024-02-02T22:35:58.844+0000][gc,task      ] GC(1) Using 4 workers of 4 for evacuation
[2024-02-02T22:35:58.853+0000][gc,phases    ] GC(1)   Pre Evacuate Collection Set: 0.1ms
[2024-02-02T22:35:58.853+0000][gc,phases    ] GC(1)   Evacuate Collection Set: 8.6ms
[2024-02-02T22:35:58.853+0000][gc,phases    ] GC(1)   Post Evacuate Collection Set: 0.7ms
[2024-02-02T22:35:58.853+0000][gc,phases    ] GC(1)   Other: 0.2ms
[2024-02-02T22:35:58.853+0000][gc,heap      ] GC(1) Eden regions: 21->0(24)
[2024-02-02T22:35:58.853+0000][gc,heap      ] GC(1) Survivor regions: 4->1(4)
[2024-02-02T22:35:58.853+0000][gc,heap      ] GC(1) Old regions: 4->8
[2024-02-02T22:35:58.853+0000][gc,heap      ] GC(1) Humongous regions: 0->0
[2024-02-02T22:35:58.853+0000][gc,metaspace ] GC(1) Metaspace: 16860K->16860K(1064960K)
[2024-02-02T22:35:58.853+0000][gc           ] GC(1) Pause Young (Normal) (G1 Evacuation Pause) 28M->8M(512M) 9.719ms
[2024-02-02T22:35:58.854+0000][gc,cpu       ] GC(1) User=0.02s Sys=0.00s Real=0.01s
[2024-02-03T00:13:40.157+0000][gc,heap,exit ] Heap
[2024-02-03T00:13:40.157+0000][gc,heap,exit ]  garbage-first heap   total 524288K, used 14688K [0x00000000e0000000, 0x0000000100000000)
[2024-02-03T00:13:40.157+0000][gc,heap,exit ]   region size 1024K, 8 young (8192K), 1 survivors (1024K)
[2024-02-03T00:13:40.157+0000][gc,heap,exit ]  Metaspace       used 16873K, capacity 17274K, committed 17536K, reserved 1064960K
[2024-02-03T00:13:40.157+0000][gc,heap,exit ]   class space    used 1671K, capacity 1825K, committed 1920K, reserved 1048576K
